Microchip Technology Inc, v2.10 (A)

Tool Name:
  c:\program files\microchip\xc16\v2.10\bin\bin\..\bin/elf-ld.exe

Command:
  -p33CK256MP508 \
  -o \
  dist/default/production/ml-33ck256mp508-lvmc-datalogger.X.production.elf \
  -Lc:/program files/microchip/xc16/v2.10/bin/bin/.. \
  -Lc:/program files/microchip/xc16/v2.10/bin/bin/../../lib \
  -Lc:/program files/microchip/xc16/v2.10/bin/bin/../../support/PIC24E/gld \
  -Lc:/program files/microchip/xc16/v2.10/bin/bin/../../support/PIC24F/gld \
  -Lc:/program files/microchip/xc16/v2.10/bin/bin/../../support/PIC24H/gld \
  -Lc:/program files/microchip/xc16/v2.10/bin/bin/../../support/dsPIC30F/gld \
  -Lc:/program files/microchip/xc16/v2.10/bin/bin/../../support/dsPIC33C/gld \
  -Lc:/program files/microchip/xc16/v2.10/bin/bin/../../support/dsPIC33E/gld \
  -Lc:/program files/microchip/xc16/v2.10/bin/bin/../../support/dsPIC33F/gld \
  build/default/production/mcc_generated_files/adc/src/adc1.o \
  build/default/production/mcc_generated_files/cmp/src/cmp1.o \
  build/default/production/mcc_generated_files/motorBench/commutation/pll.o \
  build/default/production/mcc_generated_files/motorBench/hal/mcaf_pin_manager.o \
  build/default/production/mcc_generated_files/motorBench/hal/hardware_access_functions.o \
  build/default/production/mcc_generated_files/motorBench/metadata/data_model_snapshot.o \
  build/default/production/mcc_generated_files/motorBench/parameters/init_params.o \
  build/default/production/mcc_generated_files/motorBench/test_harness_timestamps.o \
  build/default/production/mcc_generated_files/motorBench/state_machine.o \
  build/default/production/mcc_generated_files/motorBench/math_asm.o \
  build/default/production/mcc_generated_files/motorBench/mcapi.o \
  build/default/production/mcc_generated_files/motorBench/ui.o \
  build/default/production/mcc_generated_files/motorBench/sat_PI.o \
  build/default/production/mcc_generated_files/motorBench/test_harness.o \
  build/default/production/mcc_generated_files/motorBench/mcaf_sample_application.o \
  build/default/production/mcc_generated_files/motorBench/system_init.o \
  build/default/production/mcc_generated_files/motorBench/fault_detect.o \
  build/default/production/mcc_generated_files/motorBench/foc.o \
  build/default/production/mcc_generated_files/motorBench/monitor.o \
  build/default/production/mcc_generated_files/motorBench/stall_detect.o \
  build/default/production/mcc_generated_files/motorBench/startup.o \
  build/default/production/mcc_generated_files/motorBench/commutation.o \
  build/default/production/mcc_generated_files/motorBench/current_measure.o \
  build/default/production/mcc_generated_files/motorBench/adc_compensation.o \
  build/default/production/mcc_generated_files/motorBench/diagnostics.o \
  build/default/production/mcc_generated_files/motorBench/mcaf_main.o \
  build/default/production/mcc_generated_files/motorBench/mcaf_traps.o \
  build/default/production/mcc_generated_files/motorBench/isr.o \
  build/default/production/mcc_generated_files/motorBench/board_service.o \
  build/default/production/mcc_generated_files/motorBench/system_state.o \
  build/default/production/mcc_generated_files/motorBench/recover.o \
  build/default/production/mcc_generated_files/opa/src/opa3.o \
  build/default/production/mcc_generated_files/opa/src/opa2.o \
  build/default/production/mcc_generated_files/opa/src/opa1.o \
  build/default/production/mcc_generated_files/pwm_hs/src/pwm.o \
  build/default/production/mcc_generated_files/qei/src/qei1.o \
  build/default/production/mcc_generated_files/system/src/config_bits.o \
  build/default/production/mcc_generated_files/system/src/dmt_asm.o \
  build/default/production/mcc_generated_files/system/src/dmt.o \
  build/default/production/mcc_generated_files/system/src/interrupt.o \
  build/default/production/mcc_generated_files/system/src/clock.o \
  build/default/production/mcc_generated_files/system/src/reset.o \
  build/default/production/mcc_generated_files/system/src/pins.o \
  build/default/production/mcc_generated_files/system/src/traps.o \
  build/default/production/mcc_generated_files/system/src/system.o \
  build/default/production/mcc_generated_files/timer/src/sccp1.o \
  build/default/production/mcc_generated_files/timer/src/tmr1.o \
  build/default/production/mcc_generated_files/uart/src/uart1.o \
  build/default/production/main.o \
  build/default/production/ringbuffer.o \
  mcc_generated_files\motorBench\library\x2cscope\libx2cscope-dspic-elf.a \
  mcc_generated_files\motorBench\library\mc-library\libmotor_control_dspic-elf.a \
  --local-stack \
  --defsym=__MPLAB_BUILD=1 \
  -Tp33CK256MP508.gld.00 \
  --stack=16 \
  --check-sections \
  --data-init \
  --pack-data \
  --handles \
  --isr \
  --gc-sections \
  --fill-upper=0 \
  --stackguard=16 \
  --no-force-link \
  --smart-io \
  -Map=dist/default/production/ml-33ck256mp508-lvmc-datalogger.X.production.map \
  --report-mem \
  --memorysummary \
[...]
Memory Configuration

Name             Origin             Length             Attributes
data             0x001000           0x006000           a !xr
FBOOT            0x801800           0x000002  
reset            0x000000           0x000004  
ivt              0x000004           0x0001fc  
program          0x000200           0x02bd00           xr
FSEC             0x02bf00           0x000002  
FBSLIM           0x02bf10           0x000002  
FSIGN            0x02bf14           0x000002  
FOSCSEL          0x02bf18           0x000002  
FOSC             0x02bf1c           0x000002  
FWDT             0x02bf20           0x000002  
FPOR             0x02bf24           0x000002  
FICD             0x02bf28           0x000002  
FDMTIVTL         0x02bf2c           0x000002  
FDMTIVTH         0x02bf30           0x000002  
FDMTCNTL         0x02bf34           0x000002  
FDMTCNTH         0x02bf38           0x000002  
FDMT             0x02bf3c           0x000002  
FDEVOPT          0x02bf40           0x000002  
FALTREG          0x02bf44           0x000002  
FBTSEQ           0x02bffc           0x000002  
*default*        0x000000           0xffffffff  

Linker script and memory map

LOAD build/default/production/mcc_generated_files/adc/src/adc1.o
LOAD build/default/production/mcc_generated_files/cmp/src/cmp1.o
LOAD build/default/production/mcc_generated_files/motorBench/commutation/pll.o
LOAD build/default/production/mcc_generated_files/motorBench/hal/mcaf_pin_manager.o
LOAD build/default/production/mcc_generated_files/motorBench/hal/hardware_access_functions.o
LOAD build/default/production/mcc_generated_files/motorBench/metadata/data_model_snapshot.o
LOAD build/default/production/mcc_generated_files/motorBench/parameters/init_params.o
LOAD build/default/production/mcc_generated_files/motorBench/test_harness_timestamps.o
LOAD build/default/production/mcc_generated_files/motorBench/state_machine.o
LOAD build/default/production/mcc_generated_files/motorBench/math_asm.o
LOAD build/default/production/mcc_generated_files/motorBench/mcapi.o
LOAD build/default/production/mcc_generated_files/motorBench/ui.o
LOAD build/default/production/mcc_generated_files/motorBench/sat_PI.o
LOAD build/default/production/mcc_generated_files/motorBench/test_harness.o
LOAD build/default/production/mcc_generated_files/motorBench/mcaf_sample_application.o
LOAD build/default/production/mcc_generated_files/motorBench/system_init.o
LOAD build/default/production/mcc_generated_files/motorBench/fault_detect.o
LOAD build/default/production/mcc_generated_files/motorBench/foc.o
LOAD build/default/production/mcc_generated_files/motorBench/monitor.o
LOAD build/default/production/mcc_generated_files/motorBench/stall_detect.o
LOAD build/default/production/mcc_generated_files/motorBench/startup.o
LOAD build/default/production/mcc_generated_files/motorBench/commutation.o
LOAD build/default/production/mcc_generated_files/motorBench/current_measure.o
LOAD build/default/production/mcc_generated_files/motorBench/adc_compensation.o
LOAD build/default/production/mcc_generated_files/motorBench/diagnostics.o
LOAD build/default/production/mcc_generated_files/motorBench/mcaf_main.o
LOAD build/default/production/mcc_generated_files/motorBench/mcaf_traps.o
LOAD build/default/production/mcc_generated_files/motorBench/isr.o
LOAD build/default/production/mcc_generated_files/motorBench/board_service.o
LOAD build/default/production/mcc_generated_files/motorBench/system_state.o
LOAD build/default/production/mcc_generated_files/motorBench/recover.o
LOAD build/default/production/mcc_generated_files/opa/src/opa3.o
LOAD build/default/production/mcc_generated_files/opa/src/opa2.o
LOAD build/default/production/mcc_generated_files/opa/src/opa1.o
LOAD build/default/production/mcc_generated_files/pwm_hs/src/pwm.o
LOAD build/default/production/mcc_generated_files/qei/src/qei1.o
LOAD build/default/production/mcc_generated_files/system/src/config_bits.o
LOAD build/default/production/mcc_generated_files/system/src/dmt_asm.o
LOAD build/default/production/mcc_generated_files/system/src/dmt.o
LOAD build/default/production/mcc_generated_files/system/src/interrupt.o
LOAD build/default/production/mcc_generated_files/system/src/clock.o
LOAD build/default/production/mcc_generated_files/system/src/reset.o
LOAD build/default/production/mcc_generated_files/system/src/pins.o
LOAD build/default/production/mcc_generated_files/system/src/traps.o
LOAD build/default/production/mcc_generated_files/system/src/system.o
LOAD build/default/production/mcc_generated_files/timer/src/sccp1.o
LOAD build/default/production/mcc_generated_files/timer/src/tmr1.o
LOAD build/default/production/mcc_generated_files/uart/src/uart1.o
LOAD build/default/production/main.o
LOAD build/default/production/ringbuffer.o
LOAD mcc_generated_files\motorBench\library\x2cscope\libx2cscope-dspic-elf.a
LOAD mcc_generated_files\motorBench\library\mc-library\libmotor_control_dspic-elf.a
                    0x0001                  __MPLAB_BUILD = 0x1
LOAD p33CK256MP508
LOAD c:/program files/microchip/xc16/v2.10/bin/bin/../../lib\libfx-elf.a
                    0x801034                  _iwri1 = 0x801034
                    0x801038                  _iwri2 = 0x801038
                    0x801800                  __FBOOT = 0x801800
                    0x2bf00                  __FSEC = 0x2bf00
                    0x2bf10                  __FBSLIM = 0x2bf10
                    0x2bf14                  __FSIGN = 0x2bf14
                    0x2bf18                  __FOSCSEL = 0x2bf18
                    0x2bf1c                  __FOSC = 0x2bf1c
                    0x2bf20                  __FWDT = 0x2bf20
                    0x2bf24                  __FPOR = 0x2bf24
                    0x2bf28                  __FICD = 0x2bf28
                    0x2bf2c                  __FDMTIVTL = 0x2bf2c
                    0x2bf30                  __FDMTIVTH = 0x2bf30
                    0x2bf34                  __FDMTCNTL = 0x2bf34
                    0x2bf38                  __FDMTCNTH = 0x2bf38
                    0x2bf3c                  __FDMT = 0x2bf3c
                    0x2bf40                  __FDEVOPT = 0x2bf40
                    0x2bf44                  __FALTREG = 0x2bf44
                    0x2bffc                  __FBTSEQ = 0x2bffc
                    0x0200                  __CODE_BASE = 0x200
                    0x2bd00                  __CODE_LENGTH = 0x2bd00
                    0x0004                  __IVT_BASE = 0x4
                    0x1000                  __DATA_BASE = 0x1000
                    0x6000                  __DATA_LENGTH = 0x6000
                    0x5000                  __YDATA_BASE = 0x5000
                    0x7000                  __YDATA_END = 0x7000

.reset            0x000000          0x4
                  0x000000          0x2 SHORT 0x200 ABSOLUTE (__reset)
                  0x000001          0x2 SHORT 0x4
                  0x000002          0x2 SHORT 0x0 ((ABSOLUTE (__reset) >> 0x10) & 0x7f)
                  0x000003          0x2 SHORT 0x0

.text             0x000200       0x1810
 *(.init)
 .init            0x000200         0x48 c:/program files/microchip/xc16/v2.10/bin/bin/../../lib\libc99-pic30-elf.a(crt0_extendedch.o)
                  0x000200                  __resetPRI
                  0x000200                  __reset
                  0x00023c                  __psv_init
 .init            0x000248         0xb2 c:/program files/microchip/xc16/v2.10/bin/bin/../../lib\libc99-pic30-elf.a(data_init_extendedch.o)
                  0x000248                  __data_init
                  0x000248                  __data_init_extended
 *(.user_init)
 *(.handle)
 .handle          0x0002fa        0x2f4 jump_table
 *(.isr*)
 .isr.text._ADCInterrupt
                  0x0005ee         0xe4 build/default/production/mcc_generated_files/adc/src/adc1.o
                  0x0005ee                  __ADCInterrupt
 .isr.text._ADCAN4Interrupt
                  0x0006d2         0x34 build/default/production/mcc_generated_files/adc/src/adc1.o
                  0x0006d2                  __ADCAN4Interrupt
 .isr.text._ADCAN10Interrupt
                  0x000706         0x34 build/default/production/mcc_generated_files/adc/src/adc1.o
                  0x000706                  __ADCAN10Interrupt
 .isr.text._ADCAN11Interrupt
                  0x00073a         0x34 build/default/production/mcc_generated_files/adc/src/adc1.o
                  0x00073a                  __ADCAN11Interrupt
 .isr.text._ADCAN12Interrupt
                  0x00076e         0x34 build/default/production/mcc_generated_files/adc/src/adc1.o
                  0x00076e                  __ADCAN12Interrupt
 .isr.text._ADCAN15Interrupt
                  0x0007a2         0x34 build/default/production/mcc_generated_files/adc/src/adc1.o
 .isr.text._ADCAN17Interrupt
                  0x0007d6         0x34 build/default/production/mcc_generated_files/adc/src/adc1.o
                  0x0007d6                  __ADCAN17Interrupt
 .isr.text._ADCAN22Interrupt
                  0x00080a         0x34 build/default/production/mcc_generated_files/adc/src/adc1.o
                  0x00080a                  __ADCAN22Interrupt
 .isr.text._ADCAN23Interrupt
                  0x00083e         0x34 build/default/production/mcc_generated_files/adc/src/adc1.o
                  0x00083e                  __ADCAN23Interrupt
 .isr.text._ADCAN0Interrupt
                  0x000872         0x34 build/default/production/mcc_generated_files/adc/src/adc1.o
                  0x000872                  __ADCAN0Interrupt
 .isr.text._ADCAN1Interrupt
                  0x0008a6         0x34 build/default/production/mcc_generated_files/adc/src/adc1.o
                  0x0008a6                  __ADCAN1Interrupt
 .isrerror_handler
                  0x0008da         0x14 build/default/production/mcc_generated_files/motorBench/mcaf_traps.o
                  0x0008da                  __ReservedTrap7
                  0x0008e2                  __DefaultInterrupt
 .isr.text._ADCAN15Interrupt
                  0x0008ee        0x1ea build/default/production/mcc_generated_files/motorBench/isr.o
                  0x0008ee                  __ADCAN15Interrupt
 .isr.text._DMTInterrupt
                  0x000ad8         0x20 build/default/production/mcc_generated_files/system/src/dmt.o
                  0x000ad8                  __DMTInterrupt
 .isr.text._AddressError
                  0x000af8         0x1e build/default/production/mcc_generated_files/system/src/traps.o
                  0x000af8                  __AddressError
 .isr.text._HardTrapError
                  0x000b16         0x1e build/default/production/mcc_generated_files/system/src/traps.o
                  0x000b16                  __HardTrapError
 .isr.text._SoftTrapError
                  0x000b34         0x3c build/default/production/mcc_generated_files/system/src/traps.o
                  0x000b34                  __SoftTrapError
 .isr.text._OscillatorFail
                  0x000b70         0x1e build/default/production/mcc_generated_files/system/src/traps.o
                  0x000b70                  __OscillatorFail
 .isr.text._MathError
                  0x000b8e         0x1e build/default/production/mcc_generated_files/system/src/traps.o
                  0x000b8e                  __MathError
 .isr.text._StackError
                  0x000bac         0x26 build/default/production/mcc_generated_files/system/src/traps.o
                  0x000bac                  __StackError
 .isr.text._CCT1Interrupt
                  0x000bd2         0x20 build/default/production/mcc_generated_files/timer/src/sccp1.o
                  0x000bd2                  __CCT1Interrupt
 *(.libc)
 .libc            0x000bf2         0x12 c:/program files/microchip/xc16/v2.10/bin/bin/../../lib\libc99-pic30-elf.a(closech.Meo)
                  0x000bf2                  _close
 *(.libm)
 *(.libdsp)
 *(.lib*)
 .libc.write      0x000c04         0x34 build/default/production/mcc_generated_files/uart/src/uart1.o
                  0x000c04                  _write
 .libpic30_crt_start_mode
                  0x000c38          0x2 c:/program files/microchip/xc16/v2.10/bin/bin/../../lib\libc99-pic30-elf.a(crt_start_mode_normalch.Meo)
                  0x000c38                  __crt_start_mode
                  0x000c38                  __crt_start_mode_normal
 .libm.eqdf2      0x000c3a          0xa c:/program files/microchip/xc16/v2.10/bin/bin/../../lib\libc99-pic30-elf.a(deqltle.CH_o)
                  0x000c3a                  ___eqdf2
                  0x000c3a                  ___ltdf2
                  0x000c3a                  ___ledf2
 .libm.gtdf2      0x000c44          0xa c:/program files/microchip/xc16/v2.10/bin/bin/../../lib\libc99-pic30-elf.a(dgtge.CH_o)
                  0x000c44                  ___gtdf2
                  0x000c44                  ___gedf2
 .libm.eqsf2      0x000c4e          0x4 c:/program files/microchip/xc16/v2.10/bin/bin/../../lib\libc99-pic30-elf.a(feqltle.CH_o)
                  0x000c4e                  ___eqsf2
                  0x000c4e                  ___ltsf2
                  0x000c4e                  ___lesf2
 .libm.gtsf2      0x000c52          0x4 c:/program files/microchip/xc16/v2.10/bin/bin/../../lib\libc99-pic30-elf.a(fgtge.CH_o)
                  0x000c52                  ___gesf2
                  0x000c52                  ___gtsf2
 .libm.fixunssfsi
                  0x000c56         0x36 c:/program files/microchip/xc16/v2.10/bin/bin/../../lib\libc99-pic30-elf.a(fixunssfsi.CH_o)
                  0x000c56                  ___fixunssfsi
 .libm.floatsisf
                  0x000c8c          0x6 c:/program files/microchip/xc16/v2.10/bin/bin/../../lib\libc99-pic30-elf.a(floatsisf.CH_o)
                  0x000c8c                  ___floatsisf
 .libm.funpack    0x000c92         0x2a c:/program files/microchip/xc16/v2.10/bin/bin/../../lib\libc99-pic30-elf.a(funpack.CH_o)
                  0x000c92                  __funpack
 .libm.udivsi3    0x000cbc         0x20 c:/program files/microchip/xc16/v2.10/bin/bin/../../lib\libc99-pic30-elf.a(udivsi3.CH_o)
                  0x000cbc                  ___udivsi3
 .libm.umodsi3    0x000cdc          0x6 c:/program files/microchip/xc16/v2.10/bin/bin/../../lib\libc99-pic30-elf.a(umodsi3.CH_o)
                  0x000cdc                  ___umodsi3
 .libmx           0x000ce2        0x1be c:/program files/microchip/xc16/v2.10/bin/bin/../../lib\libc99-pic30-elf.a(divsf3x.CH_o)
                  0x000ce2                  ___divsf3x
                  0x000ce2                  ___divsf3
                  0x000e74                  __sdivf
 .libmx           0x000ea0         0x34 c:/program files/microchip/xc16/v2.10/bin/bin/../../lib\libc99-pic30-elf.a(typefx.CH_o)
                  0x000ea0                  __typef
 .libmx           0x000ed4         0xa6 c:/program files/microchip/xc16/v2.10/bin/bin/../../lib\libc99-pic30-elf.a(spackfx.CH_o)
                  0x000ed4                  __spackf
 .libmx           0x000f7a         0x66 c:/program files/microchip/xc16/v2.10/bin/bin/../../lib\libc99-pic30-elf.a(unpackfx.CH_o)
                  0x000f7a                  __unpackf
 .libm.dcompare
                  0x000fe0         0x52 c:/program files/microchip/xc16/v2.10/bin/bin/../../lib\libc99-pic30-elf.a(dcompare.CH_o)
                  0x000fe0                  __dcompare
 .libm.dtype      0x001032         0x24 c:/program files/microchip/xc16/v2.10/bin/bin/../../lib\libc99-pic30-elf.a(dtype.CH_o)
                  0x001032                  __dtype
 .libm.fcompare
                  0x001056         0x36 c:/program files/microchip/xc16/v2.10/bin/bin/../../lib\libc99-pic30-elf.a(fcompare.CH_o)
                  0x001056                  __fcompare
 .libm.floatdisf
                  0x00108c         0x20 c:/program files/microchip/xc16/v2.10/bin/bin/../../lib\libc99-pic30-elf.a(floatdisf.CH_o)
                  0x00108c                  ___floatdisf
 .libm.floatundisf
                  0x0010ac         0x5e c:/program files/microchip/xc16/v2.10/bin/bin/../../lib\libc99-pic30-elf.a(floatundisf.CH_o)
                  0x0010ac                  ___floatundisf
 .libm.fpack      0x00110a         0x4c c:/program files/microchip/xc16/v2.10/bin/bin/../../lib\libc99-pic30-elf.a(fpack.CH_o)
                  0x00110a                  __fpack
 .libm.funpack2
                  0x001156         0x10 c:/program files/microchip/xc16/v2.10/bin/bin/../../lib\libc99-pic30-elf.a(funpack2.CH_o)
                  0x001156                  __funpack2
 .libc.__wrap_printf
                  0x001166         0x10 c:/program files/microchip/xc16/v2.10/bin/bin/../../lib\libc99-elf.a(__sio_printf_0.CH_o)
                  0x001166                  __printf_0
                  0x001166                  __dprintf_0
 .libc.memcpy     0x001176          0xe c:/program files/microchip/xc16/v2.10/bin/bin/../../lib\libc99-elf.a(memcpy.CH_o)
                  0x001176                  _memcpy
 .libc.puts       0x001184         0x1a c:/program files/microchip/xc16/v2.10/bin/bin/../../lib\libc99-elf.a(puts.CH_o)
                  0x001184                  _puts
 .libc.__dummy0
                  0x00119e          0x2 c:/program files/microchip/xc16/v2.10/bin/bin/../../lib\libc99-elf.a(stdout.CH_o)
                  0x00119e                  ___stdio_seek
 .libc.__fmt_s    0x0011a0         0x54 c:/program files/microchip/xc16/v2.10/bin/bin/../../lib\libc99-elf.a(__fmt_s.CH_o)
                  0x0011a0                  ___fmt_0_needed
                  0x0011a0                  ___fmt_s_needed
                  0x0011a0                  ___fmt_s
 .libc.__vfprintf
                  0x0011f4         0x1c c:/program files/microchip/xc16/v2.10/bin/bin/../../lib\libc99-elf.a(__int_vfprintf.CH_o)
                  0x0011f4                  ___vfprintf
 .libc.__string_out
                  0x001210         0x26 c:/program files/microchip/xc16/v2.10/bin/bin/../../lib\libc99-elf.a(__out.CH_o)
 .libc.__fwrite_min
                  0x001236          0x4 c:/program files/microchip/xc16/v2.10/bin/bin/../../lib\libc99-elf.a(__out.CH_o)
                  0x001236                  ___fwrite
                  0x001236                  ___stdio_write
                  0x001236                  ___stdio_write_unbuffered
 .libc.__out      0x00123a         0x10 c:/program files/microchip/xc16/v2.10/bin/bin/../../lib\libc99-elf.a(__out.CH_o)
                  0x00123a                  ___out_needed
                  0x00123a                  ___out
 .libc.__pad      0x00124a         0x74 c:/program files/microchip/xc16/v2.10/bin/bin/../../lib\libc99-elf.a(__printf_core.CH_o)
                  0x00124a                  ___pad
 .libc.__dummy_fmt3
                  0x0012be          0x2 c:/program files/microchip/xc16/v2.10/bin/bin/../../lib\libc99-elf.a(__printf_core.CH_o)
                  0x0012be                  ___fmt_u
                  0x0012be                  ___fmt_o
                  0x0012be                  ___fmt_d
 .libc.__dummy_fmt4
                  0x0012c0          0x2 c:/program files/microchip/xc16/v2.10/bin/bin/../../lib\libc99-elf.a(__printf_core.CH_o)
                  0x0012c0                  ___fmt_a
                  0x0012c0                  ___fmt_fp
                  0x0012c0                  ___fmt_x
 .libc.__fmt_state
                  0x0012c2         0x32 c:/program files/microchip/xc16/v2.10/bin/bin/../../lib\libc99-elf.a(__printf_core.CH_o)
                  0x0012c2                  ___fmt_state
 .libc.vfpfcnvrt.clone.0
                  0x0012f4        0x2d8 c:/program files/microchip/xc16/v2.10/bin/bin/../../lib\libc99-elf.a(__printf_core.CH_o)
 .libc.__printf_core
                  0x0015cc         0x40 c:/program files/microchip/xc16/v2.10/bin/bin/../../lib\libc99-elf.a(__printf_core.CH_o)
                  0x0015cc                  ___printf_core
 .libc.__stdio_close_rw
                  0x00160c         0x58 c:/program files/microchip/xc16/v2.10/bin/bin/../../lib\libc99-elf.a(__stdio_close.CH_o)
                  0x00160c                  ___stdio_close_rw
 .libc.__isspace
                  0x001664         0x14 c:/program files/microchip/xc16/v2.10/bin/bin/../../lib\libc99-elf.a(atoi.CH_o)
 .libc.atoi       0x001678         0x4c c:/program files/microchip/xc16/v2.10/bin/bin/../../lib\libc99-elf.a(atoi.CH_o)
                  0x001678                  _atoi
 .libc.fputs      0x0016c4         0x28 c:/program files/microchip/xc16/v2.10/bin/bin/../../lib\libc99-elf.a(fputs.CH_o)
                  0x0016c4                  _fputs_unlocked
                  0x0016c4                  _fputs
 .libc.fwrite     0x0016ec         0x2c c:/program files/microchip/xc16/v2.10/bin/bin/../../lib\libc99-elf.a(fwrite.CH_o)
                  0x0016ec                  _fwrite
                  0x0016ec                  _fwrite_unlocked
 .libc.__lseek    0x001718          0xc c:/program files/microchip/xc16/v2.10/bin/bin/../../lib\libc99-elf.a(lseek.CH_o)
                  0x001718                  _lseek
                  0x001718                  ___lseek
 .libc.memset     0x001724         0xc8 c:/program files/microchip/xc16/v2.10/bin/bin/../../lib\libc99-elf.a(memset.CH_o)
                  0x001724                  _memset
 .libc.__putc_unbuffered
                  0x0017ec         0x2e c:/program files/microchip/xc16/v2.10/bin/bin/../../lib\libc99-elf.a(putc.CH_o)
                  0x0017ec                  ___putc
                  0x0017ec                  ___putc_unbuffered
 .libc.putc       0x00181a          0x2 c:/program files/microchip/xc16/v2.10/bin/bin/../../lib\libc99-elf.a(putc.CH_o)
                  0x00181a                  _putc
                  0x00181a                  _fputc
                  0x00181a                  _putc_unlocked
                  0x00181a                  __IO_putc
 .libc.strlen     0x00181c         0x30 c:/program files/microchip/xc16/v2.10/bin/bin/../../lib\libc99-elf.a(strlen.CH_o)
                  0x00181c                  _strlen
 .libc.__syscall_ret
                  0x00184c         0x14 c:/program files/microchip/xc16/v2.10/bin/bin/../../lib\libc99-elf.a(syscall_ret.CH_o)
                  0x00184c                  ___syscall_ret
 .libc.tolower    0x001860          0xc c:/program files/microchip/xc16/v2.10/bin/bin/../../lib\libc99-elf.a(tolower.CH_o)
                  0x001860                  _tolower
 .libc.__pop_float
                  0x00186c         0x3e c:/program files/microchip/xc16/v2.10/bin/bin/../../lib\libc99-elf.a(__pop_float.CH_o)
                  0x00186c                  ___pop_float
                  0x00186c                  ___pop_float_needed
 .libc.__pop_int
                  0x0018aa         0xa8 c:/program files/microchip/xc16/v2.10/bin/bin/../../lib\libc99-elf.a(__pop_int.CH_o)
                  0x0018aa                  ___pop_int
                  0x0018aa                  ___pop_int_needed
 .libc.__pop_ptr
                  0x001952         0x70 c:/program files/microchip/xc16/v2.10/bin/bin/../../lib\libc99-elf.a(__pop_ptr.CH_o)
                  0x001952                  ___pop_ptr_needed
                  0x001952                  ___pop_ptr
 .libc.doclose    0x0019c2          0x4 c:/program files/microchip/xc16/v2.10/bin/bin/../../lib\libc99-pic30-elf.a(closech.Meo)
 .libm.extendsfdf2
                  0x0019c6         0x3e c:/program files/microchip/xc16/v2.10/bin/bin/../../lib\libc99-pic30-elf.a(extendsfdf.CH_o)
                  0x0019c6                  ___extendsfdf2
 .libm.mulsi3     0x001a04          0xc c:/program files/microchip/xc16/v2.10/bin/bin/../../lib\libc99-pic30-elf.a(mulsi3.CH_o)
                  0x001a04                  ___mulp32peds3
                  0x001a04                  ___mulsi3
                  0x001a04                  ___mulp32eds3

usercode
 *(usercode)

__FBOOT
 *(__FBOOT.sec*)

__FSEC            0x02bf00          0x2
 *(__FSEC.sec*)
 __FSEC.sec       0x02bf00          0x2 /CW/_FSEC
                  0x02bf00                  __FSEC.sec

__FBSLIM
 *(__FBSLIM.sec*)

__FSIGN
 *(__FSIGN.sec*)

__FOSCSEL
 *(__FOSCSEL.sec*)

__FOSC
 *(__FOSC.sec*)

__FWDT
 *(__FWDT.sec*)

__FPOR
 *(__FPOR.sec*)

__FICD
 *(__FICD.sec*)

__FDMTIVTL
 *(__FDMTIVTL.sec*)

__FDMTIVTH
 *(__FDMTIVTH.sec*)

__FDMTCNTL
 *(__FDMTCNTL.sec*)

__FDMTCNTH
 *(__FDMTCNTH.sec*)

__FDMT
 *(__FDMT.sec*)

__FDEVOPT
 *(__FDEVOPT.sec*)

__FALTREG
 *(__FALTREG.sec*)

__FBTSEQ
 *(__FBTSEQ.sec*)

.comment
 *(.comment)

.debug_info       0x000000      0xc725e
 *(.debug_info)
 .debug_info      0x000000       0x4db7 build/default/production/mcc_generated_files/adc/src/adc1.o
 .debug_info      0x004db7        0xcb7 build/default/production/mcc_generated_files/cmp/src/cmp1.o
 .debug_info      0x005a6e       0x589a build/default/production/mcc_generated_files/motorBench/commutation/pll.o
 .debug_info      0x00b308        0x1d8 build/default/production/mcc_generated_files/motorBench/hal/mcaf_pin_manager.o
 .debug_info      0x00b4e0       0x4766 build/default/production/mcc_generated_files/motorBench/hal/hardware_access_functions.o
 .debug_info      0x00fc46        0x173 build/default/production/mcc_generated_files/motorBench/metadata/data_model_snapshot.o
 .debug_info      0x00fdb9       0x7ba9 build/default/production/mcc_generated_files/motorBench/parameters/init_params.o
 .debug_info      0x017962        0x16c build/default/production/mcc_generated_files/motorBench/test_harness_timestamps.o
 .debug_info      0x017ace       0xb76b build/default/production/mcc_generated_files/motorBench/state_machine.o
 .debug_info      0x023239        0x102 build/default/production/mcc_generated_files/motorBench/math_asm.o
 .debug_info      0x02333b        0x201 build/default/production/mcc_generated_files/motorBench/mcapi.o
 .debug_info      0x02353c       0x4f23 build/default/production/mcc_generated_files/motorBench/ui.o
 .debug_info      0x02845f       0x5516 build/default/production/mcc_generated_files/motorBench/sat_PI.o
 .debug_info      0x02d975       0x4de1 build/default/production/mcc_generated_files/motorBench/test_harness.o
 .debug_info      0x032756       0x555a build/default/production/mcc_generated_files/motorBench/mcaf_sample_application.o
 .debug_info      0x037cb0       0x5f51 build/default/production/mcc_generated_files/motorBench/system_init.o
 .debug_info      0x03dc01       0x7fe0 build/default/production/mcc_generated_files/motorBench/fault_detect.o
 .debug_info      0x045be1       0xa4db build/default/production/mcc_generated_files/motorBench/foc.o
 .debug_info      0x0500bc       0x8201 build/default/production/mcc_generated_files/motorBench/monitor.o
 .debug_info      0x0582bd       0x987e build/default/production/mcc_generated_files/motorBench/stall_detect.o
 .debug_info      0x061b3b       0x1271 build/default/production/mcc_generated_files/motorBench/startup.o
 .debug_info      0x062dac       0x8589 build/default/production/mcc_generated_files/motorBench/commutation.o
 .debug_info      0x06b335       0x838f build/default/production/mcc_generated_files/motorBench/current_measure.o
 .debug_info      0x0736c4       0x851f build/default/production/mcc_generated_files/motorBench/adc_compensation.o
 .debug_info      0x07bbe3       0x4814 build/default/production/mcc_generated_files/motorBench/diagnostics.o
 .debug_info      0x0803f7       0x80b5 build/default/production/mcc_generated_files/motorBench/mcaf_main.o
 .debug_info      0x0884ac       0x4aea build/default/production/mcc_generated_files/motorBench/mcaf_traps.o
 .debug_info      0x08cf96       0x91e3 build/default/production/mcc_generated_files/motorBench/isr.o
 .debug_info      0x096179       0x5155 build/default/production/mcc_generated_files/motorBench/board_service.o
 .debug_info      0x09b2ce       0x7abc build/default/production/mcc_generated_files/motorBench/system_state.o
 .debug_info      0x0a2d8a       0x4908 build/default/production/mcc_generated_files/motorBench/recover.o
 .debug_info      0x0a7692        0x553 build/default/production/mcc_generated_files/opa/src/opa3.o
 .debug_info      0x0a7be5        0x552 build/default/production/mcc_generated_files/opa/src/opa2.o
 .debug_info      0x0a8137        0x552 build/default/production/mcc_generated_files/opa/src/opa1.o
 .debug_info      0x0a8689       0x3c1b build/default/production/mcc_generated_files/pwm_hs/src/pwm.o
 .debug_info      0x0ac2a4        0xd93 build/default/production/mcc_generated_files/qei/src/qei1.o
 .debug_info      0x0ad037        0x101 build/default/production/mcc_generated_files/system/src/dmt_asm.o
 .debug_info      0x0ad138        0xa47 build/default/production/mcc_generated_files/system/src/dmt.o
 .debug_info      0x0adb7f        0x4fe build/default/production/mcc_generated_files/system/src/interrupt.o
 .debug_info      0x0ae07d        0x755 build/default/production/mcc_generated_files/system/src/clock.o
 .debug_info      0x0ae7d2        0x4d2 build/default/production/mcc_generated_files/system/src/reset.o
 .debug_info      0x0aeca4        0x77c build/default/production/mcc_generated_files/system/src/pins.o
 .debug_info      0x0af420        0x68a build/default/production/mcc_generated_files/system/src/traps.o
 .debug_info      0x0afaaa       0x4095 build/default/production/mcc_generated_files/system/src/system.o
 .debug_info      0x0b3b3f        0xe70 build/default/production/mcc_generated_files/timer/src/sccp1.o
 .debug_info      0x0b49af        0x9a3 build/default/production/mcc_generated_files/timer/src/tmr1.o
 .debug_info      0x0b5352       0x1268 build/default/production/mcc_generated_files/uart/src/uart1.o
 .debug_info      0x0b65ba       0x8161 build/default/production/main.o
 .debug_info      0x0be71b        0x661 build/default/production/ringbuffer.o
 .debug_info      0x0bed7c       0x1085 mcc_generated_files\motorBench\library\x2cscope\libx2cscope-dspic-elf.a(X2CScopeWrapper.c.20.o)
 .debug_info      0x0bfe01        0xd82 mcc_generated_files\motorBench\library\x2cscope\libx2cscope-dspic-elf.a(BlockServicesX2C.c.11.o)
 .debug_info      0x0c0b83       0x1080 mcc_generated_files\motorBench\library\x2cscope\libx2cscope-dspic-elf.a(LNet.c.13.o)
 .debug_info      0x0c1c03        0x4d9 mcc_generated_files\motorBench\library\x2cscope\libx2cscope-dspic-elf.a(SerialGeneric.c.15.o)
 .debug_info      0x0c20dc        0xf2f mcc_generated_files\motorBench\library\x2cscope\libx2cscope-dspic-elf.a(Services.c.16.o)
 .debug_info      0x0c300b        0xacd mcc_generated_files\motorBench\library\x2cscope\libx2cscope-dspic-elf.a(TableStruct.c.17.o)
 .debug_info      0x0c3ad8        0xaeb mcc_generated_files\motorBench\library\x2cscope\libx2cscope-dspic-elf.a(VersionInfo.c.18.o)
 .debug_info      0x0c45c3        0x740 mcc_generated_files\motorBench\library\x2cscope\libx2cscope-dspic-elf.a(X2C.c.19.o)
 .debug_info      0x0c4d03       0x1454 mcc_generated_files\motorBench\library\x2cscope\libx2cscope-dspic-elf.a(Scope_Main.c.14.o)
 .debug_info      0x0c6157        0x4a1 mcc_generated_files\motorBench\library\x2cscope\libx2cscope-dspic-elf.a(CommonFcts.c.12.o)
 .debug_info      0x0c65f8         0x8d c:/program files/microchip/xc16/v2.10/bin/bin/../../lib\libc99-pic30-elf.a(deqltle.CH_o)
 .debug_info      0x0c6685         0x8b c:/program files/microchip/xc16/v2.10/bin/bin/../../lib\libc99-pic30-elf.a(dgtge.CH_o)
 .debug_info      0x0c6710         0x8d c:/program files/microchip/xc16/v2.10/bin/bin/../../lib\libc99-pic30-elf.a(feqltle.CH_o)
 .debug_info      0x0c679d         0x8b c:/program files/microchip/xc16/v2.10/bin/bin/../../lib\libc99-pic30-elf.a(fgtge.CH_o)
 .debug_info      0x0c6828         0x90 c:/program files/microchip/xc16/v2.10/bin/bin/../../lib\libc99-pic30-elf.a(fixunssfsi.CH_o)
 .debug_info      0x0c68b8         0x8f c:/program files/microchip/xc16/v2.10/bin/bin/../../lib\libc99-pic30-elf.a(floatsisf.CH_o)
 .debug_info      0x0c6947         0x8d c:/program files/microchip/xc16/v2.10/bin/bin/../../lib\libc99-pic30-elf.a(funpack.CH_o)
 .debug_info      0x0c69d4         0x8d c:/program files/microchip/xc16/v2.10/bin/bin/../../lib\libc99-pic30-elf.a(udivsi3.CH_o)
 .debug_info      0x0c6a61         0x8d c:/program files/microchip/xc16/v2.10/bin/bin/../../lib\libc99-pic30-elf.a(umodsi3.CH_o)
 .debug_info      0x0c6aee         0x9d c:/program files/microchip/xc16/v2.10/bin/bin/../../lib\libc99-pic30-elf.a(divsf3x.CH_o)
 .debug_info      0x0c6b8b         0x9c c:/program files/microchip/xc16/v2.10/bin/bin/../../lib\libc99-pic30-elf.a(typefx.CH_o)
 .debug_info      0x0c6c27         0x9d c:/program files/microchip/xc16/v2.10/bin/bin/../../lib\libc99-pic30-elf.a(spackfx.CH_o)
 .debug_info      0x0c6cc4         0x9e c:/program files/microchip/xc16/v2.10/bin/bin/../../lib\libc99-pic30-elf.a(unpackfx.CH_o)
 .debug_info      0x0c6d62         0x8e c:/program files/microchip/xc16/v2.10/bin/bin/../../lib\libc99-pic30-elf.a(dcompare.CH_o)
 .debug_info      0x0c6df0         0x8b c:/program files/microchip/xc16/v2.10/bin/bin/../../lib\libc99-pic30-elf.a(dtype.CH_o)
 .debug_info      0x0c6e7b         0x8e c:/program files/microchip/xc16/v2.10/bin/bin/../../lib\libc99-pic30-elf.a(fcompare.CH_o)
 .debug_info      0x0c6f09         0x8f c:/program files/microchip/xc16/v2.10/bin/bin/../../lib\libc99-pic30-elf.a(floatdisf.CH_o)
 .debug_info      0x0c6f98         0x91 c:/program files/microchip/xc16/v2.10/bin/bin/../../lib\libc99-pic30-elf.a(floatundisf.CH_o)
 .debug_info      0x0c7029         0x8b c:/program files/microchip/xc16/v2.10/bin/bin/../../lib\libc99-pic30-elf.a(fpack.CH_o)
 .debug_info      0x0c70b4         0x8e c:/program files/microchip/xc16/v2.10/bin/bin/../../lib\libc99-pic30-elf.a(funpack2.CH_o)
 .debug_info      0x0c7142         0x90 c:/program files/microchip/xc16/v2.10/bin/bin/../../lib\libc99-pic30-elf.a(extendsfdf.CH_o)
 .debug_info      0x0c71d2         0x8c c:/program files/microchip/xc16/v2.10/bin/bin/../../lib\libc99-pic30-elf.a(mulsi3.CH_o)
 *(.gnu.linkonce.wi.*)

.debug_abbrev     0x000000       0x681d
 *(.debug_abbrev)
 .debug_abbrev    0x000000        0x23c build/default/production/mcc_generated_files/adc/src/adc1.o
 .debug_abbrev    0x00023c        0x192 build/default/production/mcc_generated_files/cmp/src/cmp1.o
 .debug_abbrev    0x0003ce        0x297 build/default/production/mcc_generated_files/motorBench/commutation/pll.o
 .debug_abbrev    0x000665         0x34 build/default/production/mcc_generated_files/motorBench/hal/mcaf_pin_manager.o
 .debug_abbrev    0x000699        0x15a build/default/production/mcc_generated_files/motorBench/hal/hardware_access_functions.o
 .debug_abbrev    0x0007f3         0x42 build/default/production/mcc_generated_files/motorBench/metadata/data_model_snapshot.o
 .debug_abbrev    0x000835        0x225 build/default/production/mcc_generated_files/motorBench/parameters/init_params.o
 .debug_abbrev    0x000a5a         0x42 build/default/production/mcc_generated_files/motorBench/test_harness_timestamps.o
 .debug_abbrev    0x000a9c        0x359 build/default/production/mcc_generated_files/motorBench/state_machine.o
 .debug_abbrev    0x000df5         0x14 build/default/production/mcc_generated_files/motorBench/math_asm.o
 .debug_abbrev    0x000e09         0x34 build/default/production/mcc_generated_files/motorBench/mcapi.o
 .debug_abbrev    0x000e3d        0x278 build/default/production/mcc_generated_files/motorBench/ui.o
 .debug_abbrev    0x0010b5        0x2db build/default/production/mcc_generated_files/motorBench/sat_PI.o
 .debug_abbrev    0x001390        0x1df build/default/production/mcc_generated_files/motorBench/test_harness.o
 .debug_abbrev    0x00156f        0x2b6 build/default/production/mcc_generated_files/motorBench/mcaf_sample_application.o
 .debug_abbrev    0x001825        0x274 build/default/production/mcc_generated_files/motorBench/system_init.o
 .debug_abbrev    0x001a99        0x297 build/default/production/mcc_generated_files/motorBench/fault_detect.o
 .debug_abbrev    0x001d30        0x3a5 build/default/production/mcc_generated_files/motorBench/foc.o
 .debug_abbrev    0x0020d5        0x29b build/default/production/mcc_generated_files/motorBench/monitor.o
 .debug_abbrev    0x002370        0x34c build/default/production/mcc_generated_files/motorBench/stall_detect.o
 .debug_abbrev    0x0026bc        0x200 build/default/production/mcc_generated_files/motorBench/startup.o
 .debug_abbrev    0x0028bc        0x2ac build/default/production/mcc_generated_files/motorBench/commutation.o
 .debug_abbrev    0x002b68        0x2c6 build/default/production/mcc_generated_files/motorBench/current_measure.o
 .debug_abbrev    0x002e2e        0x29c build/default/production/mcc_generated_files/motorBench/adc_compensation.o
 .debug_abbrev    0x0030ca        0x1b7 build/default/production/mcc_generated_files/motorBench/diagnostics.o
 .debug_abbrev    0x003281        0x2f5 build/default/production/mcc_generated_files/motorBench/mcaf_main.o
 .debug_abbrev    0x003576        0x1da build/default/production/mcc_generated_files/motorBench/mcaf_traps.o
 .debug_abbrev    0x003750        0x313 build/default/production/mcc_generated_files/motorBench/isr.o
 .debug_abbrev    0x003a63        0x226 build/default/production/mcc_generated_files/motorBench/board_service.o
 .debug_abbrev    0x003c89        0x1ca build/default/production/mcc_generated_files/motorBench/system_state.o
 .debug_abbrev    0x003e53        0x15e build/default/production/mcc_generated_files/motorBench/recover.o
 .debug_abbrev    0x003fb1        0x16b build/default/production/mcc_generated_files/opa/src/opa3.o
 .debug_abbrev    0x00411c        0x16b build/default/production/mcc_generated_files/opa/src/opa2.o
 .debug_abbrev    0x004287        0x16b build/default/production/mcc_generated_files/opa/src/opa1.o
 .debug_abbrev    0x0043f2        0x1f1 build/default/production/mcc_generated_files/pwm_hs/src/pwm.o
 .debug_abbrev    0x0045e3        0x1b9 build/default/production/mcc_generated_files/qei/src/qei1.o
 .debug_abbrev    0x00479c          0x1 build/default/production/mcc_generated_files/system/src/config_bits.o
 .debug_abbrev    0x00479d         0x14 build/default/production/mcc_generated_files/system/src/dmt_asm.o
 .debug_abbrev    0x0047b1        0x19b build/default/production/mcc_generated_files/system/src/dmt.o
 .debug_abbrev    0x00494c         0xb4 build/default/production/mcc_generated_files/system/src/interrupt.o
 .debug_abbrev    0x004a00         0xdc build/default/production/mcc_generated_files/system/src/clock.o
 .debug_abbrev    0x004adc        0x103 build/default/production/mcc_generated_files/system/src/reset.o
 .debug_abbrev    0x004bdf         0x9b build/default/production/mcc_generated_files/system/src/pins.o
 .debug_abbrev    0x004c7a        0x135 build/default/production/mcc_generated_files/system/src/traps.o
 .debug_abbrev    0x004daf        0x107 build/default/production/mcc_generated_files/system/src/system.o
 .debug_abbrev    0x004eb6        0x18d build/default/production/mcc_generated_files/timer/src/sccp1.o
 .debug_abbrev    0x005043        0x15c build/default/production/mcc_generated_files/timer/src/tmr1.o
 .debug_abbrev    0x00519f        0x253 build/default/production/mcc_generated_files/uart/src/uart1.o
 .debug_abbrev    0x0053f2        0x24f build/default/production/main.o
 .debug_abbrev    0x005641        0x112 build/default/production/ringbuffer.o
 .debug_abbrev    0x005753        0x1c3 mcc_generated_files\motorBench\library\x2cscope\libx2cscope-dspic-elf.a(X2CScopeWrapper.c.20.o)
 .debug_abbrev    0x005916        0x199 mcc_generated_files\motorBench\library\x2cscope\libx2cscope-dspic-elf.a(BlockServicesX2C.c.11.o)
 .debug_abbrev    0x005aaf        0x218 mcc_generated_files\motorBench\library\x2cscope\libx2cscope-dspic-elf.a(LNet.c.13.o)
 .debug_abbrev    0x005cc7        0x12b mcc_generated_files\motorBench\library\x2cscope\libx2cscope-dspic-elf.a(SerialGeneric.c.15.o)
 .debug_abbrev    0x005df2        0x241 mcc_generated_files\motorBench\library\x2cscope\libx2cscope-dspic-elf.a(Services.c.16.o)
 .debug_abbrev    0x006033        0x109 mcc_generated_files\motorBench\library\x2cscope\libx2cscope-dspic-elf.a(TableStruct.c.17.o)
 .debug_abbrev    0x00613c        0x10d mcc_generated_files\motorBench\library\x2cscope\libx2cscope-dspic-elf.a(VersionInfo.c.18.o)
 .debug_abbrev    0x006249         0xff mcc_generated_files\motorBench\library\x2cscope\libx2cscope-dspic-elf.a(X2C.c.19.o)
 .debug_abbrev    0x006348        0x263 mcc_generated_files\motorBench\library\x2cscope\libx2cscope-dspic-elf.a(Scope_Main.c.14.o)
 .debug_abbrev    0x0065ab         0xba mcc_generated_files\motorBench\library\x2cscope\libx2cscope-dspic-elf.a(CommonFcts.c.12.o)
 .debug_abbrev    0x006665         0x14 c:/program files/microchip/xc16/v2.10/bin/bin/../../lib\libc99-pic30-elf.a(deqltle.CH_o)
 .debug_abbrev    0x006679         0x14 c:/program files/microchip/xc16/v2.10/bin/bin/../../lib\libc99-pic30-elf.a(dgtge.CH_o)
 .debug_abbrev    0x00668d         0x14 c:/program files/microchip/xc16/v2.10/bin/bin/../../lib\libc99-pic30-elf.a(feqltle.CH_o)
 .debug_abbrev    0x0066a1         0x14 c:/program files/microchip/xc16/v2.10/bin/bin/../../lib\libc99-pic30-elf.a(fgtge.CH_o)
 .debug_abbrev    0x0066b5         0x14 c:/program files/microchip/xc16/v2.10/bin/bin/../../lib\libc99-pic30-elf.a(fixunssfsi.CH_o)
 .debug_abbrev    0x0066c9         0x14 c:/program files/microchip/xc16/v2.10/bin/bin/../../lib\libc99-pic30-elf.a(floatsisf.CH_o)
 .debug_abbrev    0x0066dd         0x14 c:/program files/microchip/xc16/v2.10/bin/bin/../../lib\libc99-pic30-elf.a(funpack.CH_o)
 .debug_abbrev    0x0066f1         0x14 c:/program files/microchip/xc16/v2.10/bin/bin/../../lib\libc99-pic30-elf.a(udivsi3.CH_o)
 .debug_abbrev    0x006705         0x14 c:/program files/microchip/xc16/v2.10/bin/bin/../../lib\libc99-pic30-elf.a(umodsi3.CH_o)
 .debug_abbrev    0x006719         0x14 c:/program files/microchip/xc16/v2.10/bin/bin/../../lib\libc99-pic30-elf.a(divsf3x.CH_o)
 .debug_abbrev    0x00672d         0x14 c:/program files/microchip/xc16/v2.10/bin/bin/../../lib\libc99-pic30-elf.a(typefx.CH_o)
 .debug_abbrev    0x006741         0x14 c:/program files/microchip/xc16/v2.10/bin/bin/../../lib\libc99-pic30-elf.a(spackfx.CH_o)
 .debug_abbrev    0x006755         0x14 c:/program files/microchip/xc16/v2.10/bin/bin/../../lib\libc99-pic30-elf.a(unpackfx.CH_o)
 .debug_abbrev    0x006769         0x14 c:/program files/microchip/xc16/v2.10/bin/bin/../../lib\libc99-pic30-elf.a(dcompare.CH_o)
 .debug_abbrev    0x00677d         0x14 c:/program files/microchip/xc16/v2.10/bin/bin/../../lib\libc99-pic30-elf.a(dtype.CH_o)
 .debug_abbrev    0x006791         0x14 c:/program files/microchip/xc16/v2.10/bin/bin/../../lib\libc99-pic30-elf.a(fcompare.CH_o)
 .debug_abbrev    0x0067a5         0x14 c:/program files/microchip/xc16/v2.10/bin/bin/../../lib\libc99-pic30-elf.a(floatdisf.CH_o)
 .debug_abbrev    0x0067b9         0x14 c:/program files/microchip/xc16/v2.10/bin/bin/../../lib\libc99-pic30-elf.a(floatundisf.CH_o)
 .debug_abbrev    0x0067cd         0x14 c:/program files/microchip/xc16/v2.10/bin/bin/../../lib\libc99-pic30-elf.a(fpack.CH_o)
 .debug_abbrev    0x0067e1         0x14 c:/program files/microchip/xc16/v2.10/bin/bin/../../lib\libc99-pic30-elf.a(funpack2.CH_o)
 .debug_abbrev    0x0067f5         0x14 c:/program files/microchip/xc16/v2.10/bin/bin/../../lib\libc99-pic30-elf.a(extendsfdf.CH_o)
 .debug_abbrev    0x006809         0x14 c:/program files/microchip/xc16/v2.10/bin/bin/../../lib\libc99-pic30-elf.a(mulsi3.CH_o)

.debug_line       0x000000       0xaf07
 *(.debug_line)
 .debug_line      0x000000        0x6b7 build/default/production/mcc_generated_files/adc/src/adc1.o
 .debug_line      0x0006b7        0x1ee build/default/production/mcc_generated_files/cmp/src/cmp1.o
 .debug_line      0x0008a5        0x3bb build/default/production/mcc_generated_files/motorBench/commutation/pll.o
 .debug_line      0x000c60         0x62 build/default/production/mcc_generated_files/motorBench/hal/mcaf_pin_manager.o
 .debug_line      0x000cc2        0x15a build/default/production/mcc_generated_files/motorBench/hal/hardware_access_functions.o
 .debug_line      0x000e1c         0x5b build/default/production/mcc_generated_files/motorBench/metadata/data_model_snapshot.o
 .debug_line      0x000e77        0x449 build/default/production/mcc_generated_files/motorBench/parameters/init_params.o
 .debug_line      0x0012c0         0x56 build/default/production/mcc_generated_files/motorBench/test_harness_timestamps.o
 .debug_line      0x001316        0x9ec build/default/production/mcc_generated_files/motorBench/state_machine.o
 .debug_line      0x001d02         0x9f build/default/production/mcc_generated_files/motorBench/math_asm.o
 .debug_line      0x001da1         0x63 build/default/production/mcc_generated_files/motorBench/mcapi.o
 .debug_line      0x001e04        0x2c7 build/default/production/mcc_generated_files/motorBench/ui.o
 .debug_line      0x0020cb        0x376 build/default/production/mcc_generated_files/motorBench/sat_PI.o
 .debug_line      0x002441        0x1ba build/default/production/mcc_generated_files/motorBench/test_harness.o
 .debug_line      0x0025fb        0x2f1 build/default/production/mcc_generated_files/motorBench/mcaf_sample_application.o
 .debug_line      0x0028ec        0x3de build/default/production/mcc_generated_files/motorBench/system_init.o
 .debug_line      0x002cca        0x45e build/default/production/mcc_generated_files/motorBench/fault_detect.o
 .debug_line      0x003128        0x949 build/default/production/mcc_generated_files/motorBench/foc.o
 .debug_line      0x003a71        0x422 build/default/production/mcc_generated_files/motorBench/monitor.o
 .debug_line      0x003e93        0x999 build/default/production/mcc_generated_files/motorBench/stall_detect.o
 .debug_line      0x00482c        0x2d9 build/default/production/mcc_generated_files/motorBench/startup.o
 .debug_line      0x004b05        0x4b0 build/default/production/mcc_generated_files/motorBench/commutation.o
 .debug_line      0x004fb5        0x4d8 build/default/production/mcc_generated_files/motorBench/current_measure.o
 .debug_line      0x00548d        0x49e build/default/production/mcc_generated_files/motorBench/adc_compensation.o
 .debug_line      0x00592b        0x1e2 build/default/production/mcc_generated_files/motorBench/diagnostics.o
 .debug_line      0x005b0d        0x461 build/default/production/mcc_generated_files/motorBench/mcaf_main.o
 .debug_line      0x005f6e        0x205 build/default/production/mcc_generated_files/motorBench/mcaf_traps.o
 .debug_line      0x006173        0x60f build/default/production/mcc_generated_files/motorBench/isr.o
 .debug_line      0x006782        0x335 build/default/production/mcc_generated_files/motorBench/board_service.o
 .debug_line      0x006ab7        0x38c build/default/production/mcc_generated_files/motorBench/system_state.o
 .debug_line      0x006e43        0x153 build/default/production/mcc_generated_files/motorBench/recover.o
 .debug_line      0x006f96        0x1a2 build/default/production/mcc_generated_files/opa/src/opa3.o
 .debug_line      0x007138        0x1a2 build/default/production/mcc_generated_files/opa/src/opa2.o
 .debug_line      0x0072da        0x1a2 build/default/production/mcc_generated_files/opa/src/opa1.o
 .debug_line      0x00747c        0x667 build/default/production/mcc_generated_files/pwm_hs/src/pwm.o
 .debug_line      0x007ae3        0x28d build/default/production/mcc_generated_files/qei/src/qei1.o
 .debug_line      0x007d70         0x1a build/default/production/mcc_generated_files/system/src/config_bits.o
 .debug_line      0x007d8a         0x6f build/default/production/mcc_generated_files/system/src/dmt_asm.o
 .debug_line      0x007df9        0x218 build/default/production/mcc_generated_files/system/src/dmt.o
 .debug_line      0x008011        0x113 build/default/production/mcc_generated_files/system/src/interrupt.o
 .debug_line      0x008124        0x125 build/default/production/mcc_generated_files/system/src/clock.o
 .debug_line      0x008249        0x1e2 build/default/production/mcc_generated_files/system/src/reset.o
 .debug_line      0x00842b        0x120 build/default/production/mcc_generated_files/system/src/pins.o
 .debug_line      0x00854b        0x1b2 build/default/production/mcc_generated_files/system/src/traps.o
 .debug_line      0x0086fd        0x141 build/default/production/mcc_generated_files/system/src/system.o
 .debug_line      0x00883e        0x295 build/default/production/mcc_generated_files/timer/src/sccp1.o
 .debug_line      0x008ad3        0x254 build/default/production/mcc_generated_files/timer/src/tmr1.o
 .debug_line      0x008d27        0x2a2 build/default/production/mcc_generated_files/uart/src/uart1.o
 .debug_line      0x008fc9        0x489 build/default/production/main.o
 .debug_line      0x009452        0x15f build/default/production/ringbuffer.o
 .debug_line      0x0095b1        0x145 mcc_generated_files\motorBench\library\x2cscope\libx2cscope-dspic-elf.a(X2CScopeWrapper.c.20.o)
 .debug_line      0x0096f6        0x199 mcc_generated_files\motorBench\library\x2cscope\libx2cscope-dspic-elf.a(BlockServicesX2C.c.11.o)
 .debug_line      0x00988f        0x261 mcc_generated_files\motorBench\library\x2cscope\libx2cscope-dspic-elf.a(LNet.c.13.o)
 .debug_line      0x009af0         0xe5 mcc_generated_files\motorBench\library\x2cscope\libx2cscope-dspic-elf.a(SerialGeneric.c.15.o)
 .debug_line      0x009bd5        0x252 mcc_generated_files\motorBench\library\x2cscope\libx2cscope-dspic-elf.a(Services.c.16.o)
 .debug_line      0x009e27         0xce mcc_generated_files\motorBench\library\x2cscope\libx2cscope-dspic-elf.a(TableStruct.c.17.o)
 .debug_line      0x009ef5         0xc2 mcc_generated_files\motorBench\library\x2cscope\libx2cscope-dspic-elf.a(VersionInfo.c.18.o)
 .debug_line      0x009fb7         0xd0 mcc_generated_files\motorBench\library\x2cscope\libx2cscope-dspic-elf.a(X2C.c.19.o)
 .debug_line      0x00a087        0x5ce mcc_generated_files\motorBench\library\x2cscope\libx2cscope-dspic-elf.a(Scope_Main.c.14.o)
 .debug_line      0x00a655         0xe4 mcc_generated_files\motorBench\library\x2cscope\libx2cscope-dspic-elf.a(CommonFcts.c.12.o)
 .debug_line      0x00a739         0x1a mcc_generated_files\motorBench\library\mc-library\libmotor_control_dspic-elf.a(mc_sinetable_ram_dspic.33C.o)
 .debug_line      0x00a753         0x3a c:/program files/microchip/xc16/v2.10/bin/bin/../../lib\libc99-pic30-elf.a(deqltle.CH_o)
 .debug_line      0x00a78d         0x38 c:/program files/microchip/xc16/v2.10/bin/bin/../../lib\libc99-pic30-elf.a(dgtge.CH_o)
 .debug_line      0x00a7c5         0x37 c:/program files/microchip/xc16/v2.10/bin/bin/../../lib\libc99-pic30-elf.a(feqltle.CH_o)
 .debug_line      0x00a7fc         0x35 c:/program files/microchip/xc16/v2.10/bin/bin/../../lib\libc99-pic30-elf.a(fgtge.CH_o)
 .debug_line      0x00a831         0x53 c:/program files/microchip/xc16/v2.10/bin/bin/../../lib\libc99-pic30-elf.a(fixunssfsi.CH_o)
 .debug_line      0x00a884         0x3a c:/program files/microchip/xc16/v2.10/bin/bin/../../lib\libc99-pic30-elf.a(floatsisf.CH_o)
 .debug_line      0x00a8be         0x4a c:/program files/microchip/xc16/v2.10/bin/bin/../../lib\libc99-pic30-elf.a(funpack.CH_o)
 .debug_line      0x00a908         0x45 c:/program files/microchip/xc16/v2.10/bin/bin/../../lib\libc99-pic30-elf.a(udivsi3.CH_o)
 .debug_line      0x00a94d         0x38 c:/program files/microchip/xc16/v2.10/bin/bin/../../lib\libc99-pic30-elf.a(umodsi3.CH_o)
 .debug_line      0x00a985        0x124 c:/program files/microchip/xc16/v2.10/bin/bin/../../lib\libc99-pic30-elf.a(divsf3x.CH_o)
 .debug_line      0x00aaa9         0x5e c:/program files/microchip/xc16/v2.10/bin/bin/../../lib\libc99-pic30-elf.a(typefx.CH_o)
 .debug_line      0x00ab07         0x98 c:/program files/microchip/xc16/v2.10/bin/bin/../../lib\libc99-pic30-elf.a(spackfx.CH_o)
 .debug_line      0x00ab9f         0x79 c:/program files/microchip/xc16/v2.10/bin/bin/../../lib\libc99-pic30-elf.a(unpackfx.CH_o)
 .debug_line      0x00ac18         0x5f c:/program files/microchip/xc16/v2.10/bin/bin/../../lib\libc99-pic30-elf.a(dcompare.CH_o)
 .debug_line      0x00ac77         0x45 c:/program files/microchip/xc16/v2.10/bin/bin/../../lib\libc99-pic30-elf.a(dtype.CH_o)
 .debug_line      0x00acbc         0x1a c:/program files/microchip/xc16/v2.10/bin/bin/../../lib\libc99-pic30-elf.a(errno.CH_o)
 .debug_line      0x00acd6         0x53 c:/program files/microchip/xc16/v2.10/bin/bin/../../lib\libc99-pic30-elf.a(fcompare.CH_o)
 .debug_line      0x00ad29         0x47 c:/program files/microchip/xc16/v2.10/bin/bin/../../lib\libc99-pic30-elf.a(floatdisf.CH_o)
 .debug_line      0x00ad70         0x6c c:/program files/microchip/xc16/v2.10/bin/bin/../../lib\libc99-pic30-elf.a(floatundisf.CH_o)
 .debug_line      0x00addc         0x5a c:/program files/microchip/xc16/v2.10/bin/bin/../../lib\libc99-pic30-elf.a(fpack.CH_o)
 .debug_line      0x00ae36         0x3e c:/program files/microchip/xc16/v2.10/bin/bin/../../lib\libc99-pic30-elf.a(funpack2.CH_o)
 .debug_line      0x00ae74         0x59 c:/program files/microchip/xc16/v2.10/bin/bin/../../lib\libc99-pic30-elf.a(extendsfdf.CH_o)
 .debug_line      0x00aecd         0x3a c:/program files/microchip/xc16/v2.10/bin/bin/../../lib\libc99-pic30-elf.a(mulsi3.CH_o)

.debug_frame      0x000000       0x22aa
 *(.debug_frame)
 .debug_frame     0x000000        0x47c build/default/production/mcc_generated_files/adc/src/adc1.o
 .debug_frame     0x00047c         0xc4 build/default/production/mcc_generated_files/cmp/src/cmp1.o
 .debug_frame     0x000540         0x56 build/default/production/mcc_generated_files/motorBench/commutation/pll.o
 .debug_frame     0x000596         0x24 build/default/production/mcc_generated_files/motorBench/hal/mcaf_pin_manager.o
 .debug_frame     0x0005ba         0x44 build/default/production/mcc_generated_files/motorBench/hal/hardware_access_functions.o
 .debug_frame     0x0005fe         0x24 build/default/production/mcc_generated_files/motorBench/parameters/init_params.o
 .debug_frame     0x000622         0x60 build/default/production/mcc_generated_files/motorBench/state_machine.o
 .debug_frame     0x000682         0x34 build/default/production/mcc_generated_files/motorBench/mcapi.o
 .debug_frame     0x0006b6         0x74 build/default/production/mcc_generated_files/motorBench/ui.o
 .debug_frame     0x00072a         0x8a build/default/production/mcc_generated_files/motorBench/sat_PI.o
 .debug_frame     0x0007b4         0x5e build/default/production/mcc_generated_files/motorBench/test_harness.o
 .debug_frame     0x000812         0x56 build/default/production/mcc_generated_files/motorBench/mcaf_sample_application.o
 .debug_frame     0x000868         0x34 build/default/production/mcc_generated_files/motorBench/system_init.o
 .debug_frame     0x00089c         0x5e build/default/production/mcc_generated_files/motorBench/fault_detect.o
 .debug_frame     0x0008fa         0xc6 build/default/production/mcc_generated_files/motorBench/foc.o
 .debug_frame     0x0009c0         0x5e build/default/production/mcc_generated_files/motorBench/monitor.o
 .debug_frame     0x000a1e        0x1a0 build/default/production/mcc_generated_files/motorBench/stall_detect.o
 .debug_frame     0x000bbe         0x3e build/default/production/mcc_generated_files/motorBench/startup.o
 .debug_frame     0x000bfc         0x5e build/default/production/mcc_generated_files/motorBench/commutation.o
 .debug_frame     0x000c5a         0x3e build/default/production/mcc_generated_files/motorBench/current_measure.o
 .debug_frame     0x000c98         0x34 build/default/production/mcc_generated_files/motorBench/adc_compensation.o
 .debug_frame     0x000ccc         0x94 build/default/production/mcc_generated_files/motorBench/diagnostics.o
 .debug_frame     0x000d60         0x3e build/default/production/mcc_generated_files/motorBench/mcaf_main.o
 .debug_frame     0x000d9e         0x64 build/default/production/mcc_generated_files/motorBench/mcaf_traps.o
 .debug_frame     0x000e02         0x56 build/default/production/mcc_generated_files/motorBench/isr.o
 .debug_frame     0x000e58         0xd8 build/default/production/mcc_generated_files/motorBench/board_service.o
 .debug_frame     0x000f30         0x24 build/default/production/mcc_generated_files/motorBench/system_state.o
 .debug_frame     0x000f54         0x4e build/default/production/mcc_generated_files/motorBench/recover.o
 .debug_frame     0x000fa2         0x64 build/default/production/mcc_generated_files/opa/src/opa3.o
 .debug_frame     0x001006         0x64 build/default/production/mcc_generated_files/opa/src/opa2.o
 .debug_frame     0x00106a         0x64 build/default/production/mcc_generated_files/opa/src/opa1.o
 .debug_frame     0x0010ce        0x2c4 build/default/production/mcc_generated_files/pwm_hs/src/pwm.o
 .debug_frame     0x001392        0x124 build/default/production/mcc_generated_files/qei/src/qei1.o
 .debug_frame     0x0014b6        0x108 build/default/production/mcc_generated_files/system/src/dmt.o
 .debug_frame     0x0015be         0x34 build/default/production/mcc_generated_files/system/src/interrupt.o
 .debug_frame     0x0015f2         0x34 build/default/production/mcc_generated_files/system/src/clock.o
 .debug_frame     0x001626         0xbe build/default/production/mcc_generated_files/system/src/reset.o
 .debug_frame     0x0016e4         0x24 build/default/production/mcc_generated_files/system/src/pins.o
 .debug_frame     0x001708        0x15c build/default/production/mcc_generated_files/system/src/traps.o
 .debug_frame     0x001864         0x24 build/default/production/mcc_generated_files/system/src/system.o
 .debug_frame     0x001888        0x108 build/default/production/mcc_generated_files/timer/src/sccp1.o
 .debug_frame     0x001990         0xd4 build/default/production/mcc_generated_files/timer/src/tmr1.o
 .debug_frame     0x001a64        0x146 build/default/production/mcc_generated_files/uart/src/uart1.o
 .debug_frame     0x001baa         0xc4 build/default/production/main.o
 .debug_frame     0x001c6e         0xdc build/default/production/ringbuffer.o
 .debug_frame     0x001d4a         0xb6 mcc_generated_files\motorBench\library\x2cscope\libx2cscope-dspic-elf.a(X2CScopeWrapper.c.20.o)
 .debug_frame     0x001e00         0xa4 mcc_generated_files\motorBench\library\x2cscope\libx2cscope-dspic-elf.a(BlockServicesX2C.c.11.o)
 .debug_frame     0x001ea4         0x70 mcc_generated_files\motorBench\library\x2cscope\libx2cscope-dspic-elf.a(LNet.c.13.o)
 .debug_frame     0x001f14         0x94 mcc_generated_files\motorBench\library\x2cscope\libx2cscope-dspic-elf.a(SerialGeneric.c.15.o)
 .debug_frame     0x001fa8         0xb8 mcc_generated_files\motorBench\library\x2cscope\libx2cscope-dspic-elf.a(Services.c.16.o)
 .debug_frame     0x002060         0x34 mcc_generated_files\motorBench\library\x2cscope\libx2cscope-dspic-elf.a(TableStruct.c.17.o)
 .debug_frame     0x002094         0x24 mcc_generated_files\motorBench\library\x2cscope\libx2cscope-dspic-elf.a(VersionInfo.c.18.o)
 .debug_frame     0x0020b8         0x34 mcc_generated_files\motorBench\library\x2cscope\libx2cscope-dspic-elf.a(X2C.c.19.o)
 .debug_frame     0x0020ec         0xde mcc_generated_files\motorBench\library\x2cscope\libx2cscope-dspic-elf.a(Scope_Main.c.14.o)
 .debug_frame     0x0021ca         0xe0 mcc_generated_files\motorBench\library\x2cscope\libx2cscope-dspic-elf.a(CommonFcts.c.12.o)

.debug_str        0x000000       0x93ad
 *(.debug_str)
 .debug_str       0x000000        0x42f build/default/production/mcc_generated_files/adc/src/adc1.o
 .debug_str       0x00042f         0x97 build/default/production/mcc_generated_files/cmp/src/cmp1.o
 .debug_str       0x0004c6        0x4cd build/default/production/mcc_generated_files/motorBench/commutation/pll.o
 .debug_str       0x000993        0x485 build/default/production/mcc_generated_files/motorBench/hal/hardware_access_functions.o
 .debug_str       0x000e18        0x5af build/default/production/mcc_generated_files/motorBench/parameters/init_params.o
 .debug_str       0x0013c7        0x641 build/default/production/mcc_generated_files/motorBench/state_machine.o
 .debug_str       0x001a08        0x48c build/default/production/mcc_generated_files/motorBench/ui.o
 .debug_str       0x001e94        0x4a3 build/default/production/mcc_generated_files/motorBench/sat_PI.o
 .debug_str       0x002337        0x485 build/default/production/mcc_generated_files/motorBench/test_harness.o
 .debug_str       0x0027bc        0x4d2 build/default/production/mcc_generated_files/motorBench/mcaf_sample_application.o
 .debug_str       0x002c8e        0x494 build/default/production/mcc_generated_files/motorBench/system_init.o
 .debug_str       0x003122        0x5d6 build/default/production/mcc_generated_files/motorBench/fault_detect.o
 .debug_str       0x0036f8        0x680 build/default/production/mcc_generated_files/motorBench/foc.o
 .debug_str       0x003d78        0x5c7 build/default/production/mcc_generated_files/motorBench/monitor.o
 .debug_str       0x00433f        0x63b build/default/production/mcc_generated_files/motorBench/stall_detect.o
 .debug_str       0x00497a         0x53 build/default/production/mcc_generated_files/motorBench/startup.o
 .debug_str       0x0049cd        0x5f6 build/default/production/mcc_generated_files/motorBench/commutation.o
 .debug_str       0x004fc3        0x5cc build/default/production/mcc_generated_files/motorBench/current_measure.o
 .debug_str       0x00558f        0x5bf build/default/production/mcc_generated_files/motorBench/adc_compensation.o
 .debug_str       0x005b4e        0x485 build/default/production/mcc_generated_files/motorBench/diagnostics.o
 .debug_str       0x005fd3        0x5d0 build/default/production/mcc_generated_files/motorBench/mcaf_main.o
 .debug_str       0x0065a3        0x48e build/default/production/mcc_generated_files/motorBench/mcaf_traps.o
 .debug_str       0x006a31        0x619 build/default/production/mcc_generated_files/motorBench/isr.o
 .debug_str       0x00704a        0x49f build/default/production/mcc_generated_files/motorBench/board_service.o
 .debug_str       0x0074e9        0x5a9 build/default/production/mcc_generated_files/motorBench/system_state.o
 .debug_str       0x007a92        0x48f build/default/production/mcc_generated_files/motorBench/recover.o
 .debug_str       0x007f21         0x1a build/default/production/mcc_generated_files/opa/src/opa3.o
 .debug_str       0x007f3b         0x1a build/default/production/mcc_generated_files/opa/src/opa2.o
 .debug_str       0x007f55         0x1a build/default/production/mcc_generated_files/opa/src/opa1.o
 .debug_str       0x007f6f        0x40b build/default/production/mcc_generated_files/pwm_hs/src/pwm.o
 .debug_str       0x00837a         0xaa build/default/production/mcc_generated_files/qei/src/qei1.o
 .debug_str       0x008424         0x63 build/default/production/mcc_generated_files/system/src/dmt.o
 .debug_str       0x008487         0x1f build/default/production/mcc_generated_files/system/src/interrupt.o
 .debug_str       0x0084a6         0x59 build/default/production/mcc_generated_files/system/src/clock.o
 .debug_str       0x0084ff         0x17 build/default/production/mcc_generated_files/system/src/reset.o
 .debug_str       0x008516         0x2f build/default/production/mcc_generated_files/system/src/pins.o
 .debug_str       0x008545         0x24 build/default/production/mcc_generated_files/system/src/traps.o
 .debug_str       0x008569        0x43f build/default/production/mcc_generated_files/system/src/system.o
 .debug_str       0x0089a8         0x89 build/default/production/mcc_generated_files/timer/src/sccp1.o
 .debug_str       0x008a31         0x1c build/default/production/mcc_generated_files/timer/src/tmr1.o
 .debug_str       0x008a4d         0x48 build/default/production/mcc_generated_files/uart/src/uart1.o
 .debug_str       0x008a95        0x5b4 build/default/production/main.o
 .debug_str       0x009049         0x3a build/default/production/ringbuffer.o
 .debug_str       0x009083         0xda mcc_generated_files\motorBench\library\x2cscope\libx2cscope-dspic-elf.a(X2CScopeWrapper.c.20.o)
 .debug_str       0x00915d         0x50 mcc_generated_files\motorBench\library\x2cscope\libx2cscope-dspic-elf.a(BlockServicesX2C.c.11.o)
 .debug_str       0x0091ad         0x78 mcc_generated_files\motorBench\library\x2cscope\libx2cscope-dspic-elf.a(LNet.c.13.o)
 .debug_str       0x009225         0x4e mcc_generated_files\motorBench\library\x2cscope\libx2cscope-dspic-elf.a(SerialGeneric.c.15.o)
 .debug_str       0x009273         0x4f mcc_generated_files\motorBench\library\x2cscope\libx2cscope-dspic-elf.a(Services.c.16.o)
 .debug_str       0x0092c2         0x2e mcc_generated_files\motorBench\library\x2cscope\libx2cscope-dspic-elf.a(TableStruct.c.17.o)
 .debug_str       0x0092f0         0x32 mcc_generated_files\motorBench\library\x2cscope\libx2cscope-dspic-elf.a(VersionInfo.c.18.o)
 .debug_str       0x009322         0x82 mcc_generated_files\motorBench\library\x2cscope\libx2cscope-dspic-elf.a(Scope_Main.c.14.o)
 .debug_str       0x0093a4          0x9 mcc_generated_files\motorBench\library\x2cscope\libx2cscope-dspic-elf.a(CommonFcts.c.12.o)

.debug_loc
 *(.debug_loc)

.debug_macinfo
 *(.debug_macinfo)

.debug_pubnames
                  0x000000       0x2018
 *(.debug_pubnames)
 .debug_pubnames
                  0x000000        0x271 build/default/production/mcc_generated_files/adc/src/adc1.o
 .debug_pubnames
                  0x000271        0x114 build/default/production/mcc_generated_files/cmp/src/cmp1.o
 .debug_pubnames
                  0x000385         0x7b build/default/production/mcc_generated_files/motorBench/commutation/pll.o
 .debug_pubnames
                  0x000400         0x32 build/default/production/mcc_generated_files/motorBench/hal/mcaf_pin_manager.o
 .debug_pubnames
                  0x000432         0x66 build/default/production/mcc_generated_files/motorBench/hal/hardware_access_functions.o
 .debug_pubnames
                  0x000498         0x2f build/default/production/mcc_generated_files/motorBench/metadata/data_model_snapshot.o
 .debug_pubnames
                  0x0004c7         0x38 build/default/production/mcc_generated_files/motorBench/parameters/init_params.o
 .debug_pubnames
                  0x0004ff         0x2e build/default/production/mcc_generated_files/motorBench/test_harness_timestamps.o
 .debug_pubnames
                  0x00052d         0x7c build/default/production/mcc_generated_files/motorBench/state_machine.o
 .debug_pubnames
                  0x0005a9         0x40 build/default/production/mcc_generated_files/motorBench/mcapi.o
 .debug_pubnames
                  0x0005e9         0xac build/default/production/mcc_generated_files/motorBench/ui.o
 .debug_pubnames
                  0x000695         0x93 build/default/production/mcc_generated_files/motorBench/sat_PI.o
 .debug_pubnames
                  0x000728         0x79 build/default/production/mcc_generated_files/motorBench/test_harness.o
 .debug_pubnames
                  0x0007a1         0x66 build/default/production/mcc_generated_files/motorBench/mcaf_sample_application.o
 .debug_pubnames
                  0x000807         0x3b build/default/production/mcc_generated_files/motorBench/system_init.o
 .debug_pubnames
                  0x000842         0x80 build/default/production/mcc_generated_files/motorBench/fault_detect.o
 .debug_pubnames
                  0x0008c2        0x100 build/default/production/mcc_generated_files/motorBench/foc.o
 .debug_pubnames
                  0x0009c2         0x88 build/default/production/mcc_generated_files/motorBench/monitor.o
 .debug_pubnames
                  0x000a4a        0x239 build/default/production/mcc_generated_files/motorBench/stall_detect.o
 .debug_pubnames
                  0x000c83         0x56 build/default/production/mcc_generated_files/motorBench/startup.o
 .debug_pubnames
                  0x000cd9         0x91 build/default/production/mcc_generated_files/motorBench/commutation.o
 .debug_pubnames
                  0x000d6a         0x64 build/default/production/mcc_generated_files/motorBench/current_measure.o
 .debug_pubnames
                  0x000dce         0x3f build/default/production/mcc_generated_files/motorBench/adc_compensation.o
 .debug_pubnames
                  0x000e0d         0x76 build/default/production/mcc_generated_files/motorBench/diagnostics.o
 .debug_pubnames
                  0x000e83         0x4f build/default/production/mcc_generated_files/motorBench/mcaf_main.o
 .debug_pubnames
                  0x000ed2         0x8b build/default/production/mcc_generated_files/motorBench/mcaf_traps.o
 .debug_pubnames
                  0x000f5d         0x28 build/default/production/mcc_generated_files/motorBench/isr.o
 .debug_pubnames
                  0x000f85        0x116 build/default/production/mcc_generated_files/motorBench/board_service.o
 .debug_pubnames
                  0x00109b         0x2b build/default/production/mcc_generated_files/motorBench/system_state.o
 .debug_pubnames
                  0x0010c6         0x51 build/default/production/mcc_generated_files/motorBench/recover.o
 .debug_pubnames
                  0x001117         0x4c build/default/production/mcc_generated_files/opa/src/opa3.o
 .debug_pubnames
                  0x001163         0x4b build/default/production/mcc_generated_files/opa/src/opa2.o
 .debug_pubnames
                  0x0011ae         0x4b build/default/production/mcc_generated_files/opa/src/opa1.o
 .debug_pubnames
                  0x0011f9         0xa9 build/default/production/mcc_generated_files/pwm_hs/src/pwm.o
 .debug_pubnames
                  0x0012a2         0x48 build/default/production/mcc_generated_files/qei/src/qei1.o
 .debug_pubnames
                  0x0012ea        0x147 build/default/production/mcc_generated_files/system/src/dmt.o
 .debug_pubnames
                  0x001431         0x46 build/default/production/mcc_generated_files/system/src/interrupt.o
 .debug_pubnames
                  0x001477         0x45 build/default/production/mcc_generated_files/system/src/clock.o
 .debug_pubnames
                  0x0014bc         0x54 build/default/production/mcc_generated_files/system/src/reset.o
 .debug_pubnames
                  0x001510         0x26 build/default/production/mcc_generated_files/system/src/pins.o
 .debug_pubnames
                  0x001536         0x95 build/default/production/mcc_generated_files/system/src/traps.o
 .debug_pubnames
                  0x0015cb         0x28 build/default/production/mcc_generated_files/system/src/system.o
 .debug_pubnames
                  0x0015f3        0x15b build/default/production/mcc_generated_files/timer/src/sccp1.o
 .debug_pubnames
                  0x00174e         0xff build/default/production/mcc_generated_files/timer/src/tmr1.o
 .debug_pubnames
                  0x00184d        0x19c build/default/production/mcc_generated_files/uart/src/uart1.o
 .debug_pubnames
                  0x0019e9         0x91 build/default/production/main.o
 .debug_pubnames
                  0x001a7a        0x125 build/default/production/ringbuffer.o
 .debug_pubnames
                  0x001b9f        0x110 mcc_generated_files\motorBench\library\x2cscope\libx2cscope-dspic-elf.a(X2CScopeWrapper.c.20.o)
 .debug_pubnames
                  0x001caf         0x86 mcc_generated_files\motorBench\library\x2cscope\libx2cscope-dspic-elf.a(BlockServicesX2C.c.11.o)
 .debug_pubnames
                  0x001d35         0x1f mcc_generated_files\motorBench\library\x2cscope\libx2cscope-dspic-elf.a(LNet.c.13.o)
 .debug_pubnames
                  0x001d54         0x37 mcc_generated_files\motorBench\library\x2cscope\libx2cscope-dspic-elf.a(SerialGeneric.c.15.o)
 .debug_pubnames
                  0x001d8b         0x60 mcc_generated_files\motorBench\library\x2cscope\libx2cscope-dspic-elf.a(Services.c.16.o)
 .debug_pubnames
                  0x001deb         0x41 mcc_generated_files\motorBench\library\x2cscope\libx2cscope-dspic-elf.a(TableStruct.c.17.o)
 .debug_pubnames
                  0x001e2c         0x3a mcc_generated_files\motorBench\library\x2cscope\libx2cscope-dspic-elf.a(VersionInfo.c.18.o)
 .debug_pubnames
                  0x001e66         0x65 mcc_generated_files\motorBench\library\x2cscope\libx2cscope-dspic-elf.a(X2C.c.19.o)
 .debug_pubnames
                  0x001ecb         0x7e mcc_generated_files\motorBench\library\x2cscope\libx2cscope-dspic-elf.a(Scope_Main.c.14.o)
 .debug_pubnames
                  0x001f49         0xcf mcc_generated_files\motorBench\library\x2cscope\libx2cscope-dspic-elf.a(CommonFcts.c.12.o)

.debug_ranges
 *(.debug_ranges)

.debug_aranges    0x000000       0x1208
 *(.debug_aranges)
 .debug_aranges
                  0x000000        0x150 build/default/production/mcc_generated_files/adc/src/adc1.o
 .debug_aranges
                  0x000150         0x70 build/default/production/mcc_generated_files/cmp/src/cmp1.o
 .debug_aranges
                  0x0001c0         0x28 build/default/production/mcc_generated_files/motorBench/commutation/pll.o
 .debug_aranges
                  0x0001e8         0x18 build/default/production/mcc_generated_files/motorBench/hal/mcaf_pin_manager.o
 .debug_aranges
                  0x000200         0x20 build/default/production/mcc_generated_files/motorBench/hal/hardware_access_functions.o
 .debug_aranges
                  0x000220         0x20 build/default/production/mcc_generated_files/motorBench/parameters/init_params.o
 .debug_aranges
                  0x000240         0x30 build/default/production/mcc_generated_files/motorBench/state_machine.o
 .debug_aranges
                  0x000270         0x20 build/default/production/mcc_generated_files/motorBench/math_asm.o
 .debug_aranges
                  0x000290         0x28 build/default/production/mcc_generated_files/motorBench/mcapi.o
 .debug_aranges
                  0x0002b8         0x48 build/default/production/mcc_generated_files/motorBench/ui.o
 .debug_aranges
                  0x000300         0x40 build/default/production/mcc_generated_files/motorBench/sat_PI.o
 .debug_aranges
                  0x000340         0x38 build/default/production/mcc_generated_files/motorBench/test_harness.o
 .debug_aranges
                  0x000378         0x30 build/default/production/mcc_generated_files/motorBench/mcaf_sample_application.o
 .debug_aranges
                  0x0003a8         0x28 build/default/production/mcc_generated_files/motorBench/system_init.o
 .debug_aranges
                  0x0003d0         0x38 build/default/production/mcc_generated_files/motorBench/fault_detect.o
 .debug_aranges
                  0x000408         0x48 build/default/production/mcc_generated_files/motorBench/foc.o
 .debug_aranges
                  0x000450         0x38 build/default/production/mcc_generated_files/motorBench/monitor.o
 .debug_aranges
                  0x000488         0xb0 build/default/production/mcc_generated_files/motorBench/stall_detect.o
 .debug_aranges
                  0x000538         0x28 build/default/production/mcc_generated_files/motorBench/startup.o
 .debug_aranges
                  0x000560         0x38 build/default/production/mcc_generated_files/motorBench/commutation.o
 .debug_aranges
                  0x000598         0x28 build/default/production/mcc_generated_files/motorBench/current_measure.o
 .debug_aranges
                  0x0005c0         0x28 build/default/production/mcc_generated_files/motorBench/adc_compensation.o
 .debug_aranges
                  0x0005e8         0x58 build/default/production/mcc_generated_files/motorBench/diagnostics.o
 .debug_aranges
                  0x000640         0x28 build/default/production/mcc_generated_files/motorBench/mcaf_main.o
 .debug_aranges
                  0x000668         0x40 build/default/production/mcc_generated_files/motorBench/mcaf_traps.o
 .debug_aranges
                  0x0006a8         0x20 build/default/production/mcc_generated_files/motorBench/isr.o
 .debug_aranges
                  0x0006c8         0x68 build/default/production/mcc_generated_files/motorBench/board_service.o
 .debug_aranges
                  0x000730         0x20 build/default/production/mcc_generated_files/motorBench/system_state.o
 .debug_aranges
                  0x000750         0x30 build/default/production/mcc_generated_files/motorBench/recover.o
 .debug_aranges
                  0x000780         0x40 build/default/production/mcc_generated_files/opa/src/opa3.o
 .debug_aranges
                  0x0007c0         0x40 build/default/production/mcc_generated_files/opa/src/opa2.o
 .debug_aranges
                  0x000800         0x40 build/default/production/mcc_generated_files/opa/src/opa1.o
 .debug_aranges
                  0x000840        0x170 build/default/production/mcc_generated_files/pwm_hs/src/pwm.o
 .debug_aranges
                  0x0009b0         0xa0 build/default/production/mcc_generated_files/qei/src/qei1.o
 .debug_aranges
                  0x000a50         0x20 build/default/production/mcc_generated_files/system/src/dmt_asm.o
 .debug_aranges
                  0x000a70         0x80 build/default/production/mcc_generated_files/system/src/dmt.o
 .debug_aranges
                  0x000af0         0x28 build/default/production/mcc_generated_files/system/src/interrupt.o
 .debug_aranges
                  0x000b18         0x28 build/default/production/mcc_generated_files/system/src/clock.o
 .debug_aranges
                  0x000b40         0x38 build/default/production/mcc_generated_files/system/src/reset.o
 .debug_aranges
                  0x000b78         0x20 build/default/production/mcc_generated_files/system/src/pins.o
 .debug_aranges
                  0x000b98         0x50 build/default/production/mcc_generated_files/system/src/traps.o
 .debug_aranges
                  0x000be8         0x20 build/default/production/mcc_generated_files/system/src/system.o
 .debug_aranges
                  0x000c08         0x80 build/default/production/mcc_generated_files/timer/src/sccp1.o
 .debug_aranges
                  0x000c88         0x78 build/default/production/mcc_generated_files/timer/src/tmr1.o
 .debug_aranges
                  0x000d00         0xa8 build/default/production/mcc_generated_files/uart/src/uart1.o
 .debug_aranges
                  0x000da8         0x48 build/default/production/main.o
 .debug_aranges
                  0x000df0         0x68 build/default/production/ringbuffer.o
 .debug_aranges
                  0x000e58         0x18 mcc_generated_files\motorBench\library\x2cscope\libx2cscope-dspic-elf.a(X2CScopeWrapper.c.20.o)
 .debug_aranges
                  0x000e70         0x18 mcc_generated_files\motorBench\library\x2cscope\libx2cscope-dspic-elf.a(BlockServicesX2C.c.11.o)
 .debug_aranges
                  0x000e88         0x18 mcc_generated_files\motorBench\library\x2cscope\libx2cscope-dspic-elf.a(LNet.c.13.o)
 .debug_aranges
                  0x000ea0         0x18 mcc_generated_files\motorBench\library\x2cscope\libx2cscope-dspic-elf.a(SerialGeneric.c.15.o)
 .debug_aranges
                  0x000eb8         0x18 mcc_generated_files\motorBench\library\x2cscope\libx2cscope-dspic-elf.a(Services.c.16.o)
 .debug_aranges
                  0x000ed0         0x18 mcc_generated_files\motorBench\library\x2cscope\libx2cscope-dspic-elf.a(TableStruct.c.17.o)
 .debug_aranges
                  0x000ee8         0x18 mcc_generated_files\motorBench\library\x2cscope\libx2cscope-dspic-elf.a(VersionInfo.c.18.o)
 .debug_aranges
                  0x000f00         0x18 mcc_generated_files\motorBench\library\x2cscope\libx2cscope-dspic-elf.a(X2C.c.19.o)
 .debug_aranges
                  0x000f18         0x18 mcc_generated_files\motorBench\library\x2cscope\libx2cscope-dspic-elf.a(Scope_Main.c.14.o)
 .debug_aranges
                  0x000f30         0x18 mcc_generated_files\motorBench\library\x2cscope\libx2cscope-dspic-elf.a(CommonFcts.c.12.o)
 .debug_aranges
                  0x000f48         0x20 c:/program files/microchip/xc16/v2.10/bin/bin/../../lib\libc99-pic30-elf.a(deqltle.CH_o)
 .debug_aranges
                  0x000f68         0x20 c:/program files/microchip/xc16/v2.10/bin/bin/../../lib\libc99-pic30-elf.a(dgtge.CH_o)
 .debug_aranges
                  0x000f88         0x20 c:/program files/microchip/xc16/v2.10/bin/bin/../../lib\libc99-pic30-elf.a(feqltle.CH_o)
 .debug_aranges
                  0x000fa8         0x20 c:/program files/microchip/xc16/v2.10/bin/bin/../../lib\libc99-pic30-elf.a(fgtge.CH_o)
 .debug_aranges
                  0x000fc8         0x20 c:/program files/microchip/xc16/v2.10/bin/bin/../../lib\libc99-pic30-elf.a(fixunssfsi.CH_o)
 .debug_aranges
                  0x000fe8         0x20 c:/program files/microchip/xc16/v2.10/bin/bin/../../lib\libc99-pic30-elf.a(floatsisf.CH_o)
 .debug_aranges
                  0x001008         0x20 c:/program files/microchip/xc16/v2.10/bin/bin/../../lib\libc99-pic30-elf.a(funpack.CH_o)
 .debug_aranges
                  0x001028         0x20 c:/program files/microchip/xc16/v2.10/bin/bin/../../lib\libc99-pic30-elf.a(udivsi3.CH_o)
 .debug_aranges
                  0x001048         0x20 c:/program files/microchip/xc16/v2.10/bin/bin/../../lib\libc99-pic30-elf.a(umodsi3.CH_o)
 .debug_aranges
                  0x001068         0x20 c:/program files/microchip/xc16/v2.10/bin/bin/../../lib\libc99-pic30-elf.a(divsf3x.CH_o)
 .debug_aranges
                  0x001088         0x20 c:/program files/microchip/xc16/v2.10/bin/bin/../../lib\libc99-pic30-elf.a(typefx.CH_o)
 .debug_aranges
                  0x0010a8         0x20 c:/program files/microchip/xc16/v2.10/bin/bin/../../lib\libc99-pic30-elf.a(spackfx.CH_o)
 .debug_aranges
                  0x0010c8         0x20 c:/program files/microchip/xc16/v2.10/bin/bin/../../lib\libc99-pic30-elf.a(unpackfx.CH_o)
 .debug_aranges
                  0x0010e8         0x20 c:/program files/microchip/xc16/v2.10/bin/bin/../../lib\libc99-pic30-elf.a(dcompare.CH_o)
 .debug_aranges
                  0x001108         0x20 c:/program files/microchip/xc16/v2.10/bin/bin/../../lib\libc99-pic30-elf.a(dtype.CH_o)
 .debug_aranges
                  0x001128         0x20 c:/program files/microchip/xc16/v2.10/bin/bin/../../lib\libc99-pic30-elf.a(fcompare.CH_o)
 .debug_aranges
                  0x001148         0x20 c:/program files/microchip/xc16/v2.10/bin/bin/../../lib\libc99-pic30-elf.a(floatdisf.CH_o)
 .debug_aranges
                  0x001168         0x20 c:/program files/microchip/xc16/v2.10/bin/bin/../../lib\libc99-pic30-elf.a(floatundisf.CH_o)
 .debug_aranges
                  0x001188         0x20 c:/program files/microchip/xc16/v2.10/bin/bin/../../lib\libc99-pic30-elf.a(fpack.CH_o)
 .debug_aranges
                  0x0011a8         0x20 c:/program files/microchip/xc16/v2.10/bin/bin/../../lib\libc99-pic30-elf.a(funpack2.CH_o)
 .debug_aranges
                  0x0011c8         0x20 c:/program files/microchip/xc16/v2.10/bin/bin/../../lib\libc99-pic30-elf.a(extendsfdf.CH_o)
 .debug_aranges
                  0x0011e8         0x20 c:/program files/microchip/xc16/v2.10/bin/bin/../../lib\libc99-pic30-elf.a(mulsi3.CH_o)
                    0x0000                  WREG0 = 0x0
                    0x0000                  _WREG0 = 0x0
                    0x0002                  WREG1 = 0x2
                    0x0002                  _WREG1 = 0x2
                    0x0004                  WREG2 = 0x4
                    0x0004                  _WREG2 = 0x4
                    0x0006                  WREG3 = 0x6
                    0x0006                  _WREG3 = 0x6
                    0x0008                  WREG4 = 0x8
                    0x0008                  _WREG4 = 0x8
                    0x000a                  WREG5 = 0xa
                    0x000a                  _WREG5 = 0xa
                    0x000c                  WREG6 = 0xc
                    0x000c                  _WREG6 = 0xc
                    0x000e                  WREG7 = 0xe
                    0x000e                  _WREG7 = 0xe
                    0x0010                  WREG8 = 0x10
                    0x0010                  _WREG8 = 0x10
                    0x0012                  WREG9 = 0x12
                    0x0012                  _WREG9 = 0x12
                    0x0014                  WREG10 = 0x14
                    0x0014                  _WREG10 = 0x14
                    0x0016                  WREG11 = 0x16
                    0x0016                  _WREG11 = 0x16
                    0x0018                  WREG12 = 0x18
                    0x0018                  _WREG12 = 0x18
                    0x001a                  WREG13 = 0x1a
                    0x001a                  _WREG13 = 0x1a
                    0x001c                  WREG14 = 0x1c
                    0x001c                  _WREG14 = 0x1c
                    0x001e                  WREG15 = 0x1e
                    0x001e                  _WREG15 = 0x1e
                    0x0020                  SPLIM = 0x20
                    0x0020                  _SPLIM = 0x20
                    0x0022                  ACCAL = 0x22
                    0x0022                  _ACCAL = 0x22
                    0x0024                  ACCAH = 0x24
                    0x0024                  _ACCAH = 0x24
                    0x0026                  ACCAU = 0x26
                    0x0026                  _ACCAU = 0x26
                    0x0028                  ACCBL = 0x28
                    0x0028                  _ACCBL = 0x28
                    0x002a                  ACCBH = 0x2a
                    0x002a                  _ACCBH = 0x2a
                    0x002c                  ACCBU = 0x2c
                    0x002c                  _ACCBU = 0x2c
                    0x002e                  PCL = 0x2e
                    0x002e                  _PCL = 0x2e
                    0x0030                  PCH = 0x30
                    0x0030                  _PCH = 0x30
                    0x0032                  DSRPAG = 0x32
                    0x0032                  _DSRPAG = 0x32
                    0x0032                  _DSRPAGbits = 0x32
                    0x0034                  DSWPAG = 0x34
                    0x0034                  _DSWPAG = 0x34
                    0x0034                  _DSWPAGbits = 0x34
                    0x0036                  RCOUNT = 0x36
                    0x0036                  _RCOUNT = 0x36
                    0x0038                  DCOUNT = 0x38
                    0x0038                  _DCOUNT = 0x38
                    0x003a                  DOSTARTL = 0x3a
                    0x003a                  _DOSTARTL = 0x3a
                    0x003c                  DOSTARTH = 0x3c
                    0x003c                  _DOSTARTH = 0x3c
                    0x003e                  DOENDL = 0x3e
                    0x003e                  _DOENDL = 0x3e
                    0x0040                  DOENDH = 0x40
                    0x0040                  _DOENDH = 0x40
                    0x0042                  SR = 0x42
                    0x0042                  _SR = 0x42
                    0x0042                  _SRbits = 0x42
                    0x0044                  CORCON = 0x44
                    0x0044                  _CORCON = 0x44
                    0x0044                  _CORCONbits = 0x44
                    0x0046                  MODCON = 0x46
                    0x0046                  _MODCON = 0x46
                    0x0046                  _MODCONbits = 0x46
                    0x0048                  XMODSRT = 0x48
                    0x0048                  _XMODSRT = 0x48
                    0x004a                  XMODEND = 0x4a
                    0x004a                  _XMODEND = 0x4a
                    0x004c                  YMODSRT = 0x4c
                    0x004c                  _YMODSRT = 0x4c
                    0x004e                  YMODEND = 0x4e
                    0x004e                  _YMODEND = 0x4e
                    0x0050                  XBREV = 0x50
                    0x0050                  _XBREV = 0x50
                    0x0050                  _XBREVbits = 0x50
                    0x0052                  DISICNT = 0x52
                    0x0052                  _DISICNT = 0x52
                    0x0054                  TBLPAG = 0x54
                    0x0054                  _TBLPAG = 0x54
                    0x0054                  _TBLPAGbits = 0x54
                    0x0056                  YPAG = 0x56
                    0x0056                  _YPAG = 0x56
                    0x0056                  _YPAGbits = 0x56
                    0x0058                  MSTRPR = 0x58
                    0x0058                  _MSTRPR = 0x58
                    0x0058                  _MSTRPRbits = 0x58
                    0x005a                  CTXTSTAT = 0x5a
                    0x005a                  _CTXTSTAT = 0x5a
                    0x005a                  _CTXTSTATbits = 0x5a
                    0x005c                  DMTCON = 0x5c
                    0x005c                  _DMTCON = 0x5c
                    0x005c                  _DMTCONbits = 0x5c
                    0x0060                  DMTPRECLR = 0x60
                    0x0060                  _DMTPRECLR = 0x60
                    0x0060                  _DMTPRECLRbits = 0x60
                    0x0064                  DMTCLR = 0x64
                    0x0064                  _DMTCLR = 0x64
                    0x0064                  _DMTCLRbits = 0x64
                    0x0068                  DMTSTAT = 0x68
                    0x0068                  _DMTSTAT = 0x68
                    0x0068                  _DMTSTATbits = 0x68
                    0x006c                  DMTCNTL = 0x6c
                    0x006c                  _DMTCNTL = 0x6c
                    0x006e                  DMTCNTH = 0x6e
                    0x006e                  _DMTCNTH = 0x6e
                    0x0070                  DMTHOLDREG = 0x70
                    0x0070                  _DMTHOLDREG = 0x70
                    0x0074                  DMTPSCNTL = 0x74
                    0x0074                  _DMTPSCNTL = 0x74
                    0x0076                  DMTPSCNTH = 0x76
                    0x0076                  _DMTPSCNTH = 0x76
                    0x0078                  DMTPSINTVL = 0x78
                    0x0078                  _DMTPSINTVL = 0x78
                    0x007a                  DMTPSINTVH = 0x7a
                    0x007a                  _DMTPSINTVH = 0x7a
                    0x0080                  SENT1CON1 = 0x80
                    0x0080                  _SENT1CON1 = 0x80
                    0x0080                  _SENT1CON1bits = 0x80
                    0x0084                  SENT1CON2 = 0x84
                    0x0084                  _SENT1CON2 = 0x84
                    0x0088                  SENT1CON3 = 0x88
                    0x0088                  _SENT1CON3 = 0x88
                    0x008c                  SENT1STAT = 0x8c
                    0x008c                  _SENT1STAT = 0x8c
                    0x008c                  _SENT1STATbits = 0x8c
                    0x0090                  SENT1SYNC = 0x90
                    0x0090                  _SENT1SYNC = 0x90
                    0x0094                  SENT1DATL = 0x94
                    0x0094                  _SENT1DATL = 0x94
                    0x0094                  _SENT1DATLbits = 0x94
                    0x0096                  SENT1DATH = 0x96
                    0x0096                  _SENT1DATH = 0x96
                    0x0096                  _SENT1DATHbits = 0x96
                    0x0098                  SENT2CON1 = 0x98
                    0x0098                  _SENT2CON1 = 0x98
                    0x0098                  _SENT2CON1bits = 0x98
                    0x009c                  SENT2CON2 = 0x9c
                    0x009c                  _SENT2CON2 = 0x9c
                    0x00a0                  SENT2CON3 = 0xa0
                    0x00a0                  _SENT2CON3 = 0xa0
                    0x00a4                  SENT2STAT = 0xa4
                    0x00a4                  _SENT2STAT = 0xa4
                    0x00a4                  _SENT2STATbits = 0xa4
                    0x00a8                  SENT2SYNC = 0xa8
                    0x00a8                  _SENT2SYNC = 0xa8
                    0x00ac                  SENT2DATL = 0xac
                    0x00ac                  _SENT2DATL = 0xac
                    0x00ac                  _SENT2DATLbits = 0xac
                    0x00ae                  SENT2DATH = 0xae
                    0x00ae                  _SENT2DATH = 0xae
                    0x00ae                  _SENT2DATHbits = 0xae
                    0x00b0                  CRCCON1 = 0xb0
                    0x00b0                  _CRCCON1 = 0xb0
                    0x00b0                  _CRCCON1bits = 0xb0
                    0x00b0                  CRCCONL = 0xb0
                    0x00b0                  _CRCCONL = 0xb0
                    0x00b0                  _CRCCONLbits = 0xb0
                    0x00b2                  CRCCON2 = 0xb2
                    0x00b2                  _CRCCON2 = 0xb2
                    0x00b2                  _CRCCON2bits = 0xb2
                    0x00b2                  CRCCONH = 0xb2
                    0x00b2                  _CRCCONH = 0xb2
                    0x00b2                  _CRCCONHbits = 0xb2
                    0x00b4                  CRCXORL = 0xb4
                    0x00b4                  _CRCXORL = 0xb4
                    0x00b4                  _CRCXORLbits = 0xb4
                    0x00b6                  CRCXORH = 0xb6
                    0x00b6                  _CRCXORH = 0xb6
                    0x00b6                  _CRCXORHbits = 0xb6
                    0x00b8                  CRCDATL = 0xb8
                    0x00b8                  _CRCDATL = 0xb8
                    0x00ba                  CRCDATH = 0xba
                    0x00ba                  _CRCDATH = 0xba
                    0x00bc                  CRCWDATL = 0xbc
                    0x00bc                  _CRCWDATL = 0xbc
                    0x00be                  CRCWDATH = 0xbe
                    0x00be                  _CRCWDATH = 0xbe
                    0x00c0                  CLC1CONL = 0xc0
                    0x00c0                  _CLC1CONL = 0xc0
                    0x00c0                  _CLC1CONLbits = 0xc0
                    0x00c2                  CLC1CONH = 0xc2
                    0x00c2                  _CLC1CONH = 0xc2